
07-10 20:56:17.022  2556  3098 W PackageFreezer: Freeze package com.nhimz.vocabmaster about 0.136 seconds for reason: 
installPackageLI
07-10 20:56:17.022  2556  3098 I BackupManagerService: [UserID:0] restoreAtInstall pkg=com.nhimz.vocabmaster token=f 
restoreSet=0
07-10 20:56:17.022  2556  3098 I InstallationTiming: com.nhimz.vocabmaster|null|783|579|28|0|15|0
07-10 20:56:17.023  2556  3098 I AppsFilter: interaction: PackageSetting{9ca2a81 com.fido.asm/10137} -> 
PackageSetting{e38898f com.nhimz.vocabmaster/10401} BLOCKED
07-10 20:56:17.032  2556  3671 I MiuiCompatModePackages: package com.nhimz.vocabmaster updated, removing config
07-10 20:56:17.430  2556  2556 I AppsFilter: interaction: PackageSetting{9ca2a81 com.fido.asm/10137} -> 
PackageSetting{fca123f com.nhimz.vocabmaster/10401} BLOCKED
07-10 20:56:17.444  2556  6577 W BackupTransportManager: Package com.nhimz.vocabmaster enabled setting: 0
07-10 20:56:17.531  2556  3092 E VerityUtils: Failed to measure fs-verity, errno 1: 
/data/app/~~ipiizKC7cHvGdzd4pWVCRg==/com.nhimz.vocabmaster-ws31RP8glLZ7m5gfqvREqw==/base.apk
07-10 20:56:29.149  2556  8074 I ActivityTaskManager: START u0 {act=android.intent.action.MAIN 
cat=[android.intent.category.LAUNCHER] flg=0x10200000 cmp=com.nhimz.vocabmaster/.MainActivity 
bnds=[108,1792][335,2019] (has extras)} from uid 10133 from pid 4502 callingPackage com.miui.home
07-10 20:56:29.153  2556  8074 I WindowManager: When perf version exceed 2.3, MiGTStub result: false, gameType: 1, 
packageName: com.nhimz.vocabmaster
07-10 20:56:29.182  2556  2741 I SmartPower.com.nhimz.vocabmaster/10401(0): -1->invisible(0ms) R(become foreground) 
adj=-10000.
07-10 20:56:29.183  2556  3733 I SmartPower: com.nhimz.vocabmaster/10401 state=background adj=0 proc size=1 move to 
background become foreground
07-10 20:56:29.187  2556  5698 D CoreBackPreview: Window{c6fd487 u0 Splash Screen com.nhimz.vocabmaster}: Setting back 
callback OnBackInvokedCallbackInfo{mCallback=android.window.IOnBackInvokedCallback$Stub$Proxy@352614c, mPriority=0}
07-10 20:56:29.223  2556  2753 D Boost   : hostingType=next-top-activity, 
hostingName={com.nhimz.vocabmaster/com.nhimz.vocabmaster.MainActivity}, callerPackage=com.miui.home, isSystem=true, 
isBoostNeeded=false.
07-10 20:56:29.225  2556  2742 I SmartPower.com.nhimz.vocabmaster/10401(0): invisible->visible(43ms) R(become visible) 
adj=-10000.
07-10 20:56:29.225  2556  3733 I SmartPower: com.nhimz.vocabmaster/10401 state=background adj=0 proc size=1 move to 
foreground become visible
07-10 20:56:29.225  2556  2753 I ActivityManager: Start proc 29642:com.nhimz.vocabmaster/u0a401 for next-top-activity 
{com.nhimz.vocabmaster/com.nhimz.vocabmaster.MainActivity} caller=com.miui.home
07-10 20:56:29.811  2556  5188 I AppsFilter: interaction: PackageSetting{43139e3 com.nhimz.vocabmaster/10401} -> 
PackageSetting{12affe0 com.xiaomi.mibrain.speech/10234} BLOCKED
07-10 20:56:29.812  2556  5652 I AppsFilter: interaction: PackageSetting{43139e3 com.nhimz.vocabmaster/10401} -> 
PackageSetting{12affe0 com.xiaomi.mibrain.speech/10234} BLOCKED
07-10 20:56:29.872 29642 29642 W Looper  : PerfMonitor looperActivity : package=com.nhimz.vocabmaster/.MainActivity 
time=113ms latency=407ms running=70ms  procState=-1  historyMsgCount=1 (msgIndex=1 wall=409ms seq=3 running=339ms 
runnable=57ms io=2ms reclaim=1ms late=4ms h=android.app.ActivityThread$H w=110)
07-10 20:56:29.872 29642 29642 W Looper  : PerfMonitor looperActivity : package=com.nhimz.vocabmaster/.MainActivity 
time=1ms latency=520ms running=0ms  procState=-1  historyMsgCount=2 (msgIndex=1 wall=409ms seq=3 running=339ms 
runnable=57ms io=2ms reclaim=1ms late=4ms h=android.app.ActivityThread$H w=110) (msgIndex=2 wall=113ms seq=4 
running=70ms runnable=12ms io=1ms late=407ms h=android.app.ActivityThread$H w=159)
07-10 20:56:29.873  2556  5188 D CoreBackPreview: Window{22c6937 u0 
com.nhimz.vocabmaster/com.nhimz.vocabmaster.MainActivity}: Setting back callback 
OnBackInvokedCallbackInfo{mCallback=android.window.IOnBackInvokedCallback$Stub$Proxy@22c540d, mPriority=0}
07-10 20:56:30.176  2556  5652 D WindowManager: Input focus has changed to Window{22c6937 u0 
com.nhimz.vocabmaster/com.nhimz.vocabmaster.MainActivity} display=0
07-10 20:56:30.247  2556  8074 D MiuiFreeFormGesturePointerEventListener: finishDrawingWindow: topFullScreenWindow= 
Window{22c6937 u0 com.nhimz.vocabmaster/com.nhimz.vocabmaster.MainActivity}
07-10 20:56:30.627  2556  4567 D CoreBackPreview: Window{c6fd487 u0 Splash Screen com.nhimz.vocabmaster EXITING}: 
Setting back callback null
07-10 20:59:28.708 29642 29642 E AndroidRuntime: Process: com.nhimz.vocabmaster, PID: 29642
07-10 20:59:28.708 29642 29642 E AndroidRuntime: 	at 
com.nhimz.vocabmaster.ui.util.FeedbackHelper.vibrateCorrect(FeedbackHelper.kt:53)
07-10 20:59:28.708 29642 29642 E AndroidRuntime: 	at 
com.nhimz.vocabmaster.ui.screens.FirstWinScreenKt.FirstWinScreen$handleAnswer(FirstWinScreen.kt:71)
07-10 20:59:28.708 29642 29642 E AndroidRuntime: 	at 
com.nhimz.vocabmaster.ui.screens.FirstWinScreenKt.FirstWinScreen$lambda$7$2$0$1$0$0(FirstWinScreen.kt:264)
07-10 20:59:28.708 29642 29642 E AndroidRuntime: 	at 
com.nhimz.vocabmaster.ui.screens.FirstWinScreenKt.$r8$lambda$ZSqi01aRWl8tI5joUEZqwM6GCP0(Unknown Source:0)
07-10 20:59:28.708 29642 29642 E AndroidRuntime: 	at 
com.nhimz.vocabmaster.ui.screens.FirstWinScreenKt$$ExternalSyntheticLambda5.invoke(D8$$SyntheticClass:0)
07-10 20:59:28.720  2556  8074 W ActivityTaskManager:   Force finishing activity com.nhimz.vocabmaster/.MainActivity
07-10 20:59:28.788  2556  3632 I SmartPower.com.nhimz.vocabmaster/10401(29642): visible->died(179563ms) R(process died 
) adj=0.
07-10 20:59:28.788  2556  3632 I ActivityManager: Process com.nhimz.vocabmaster (pid 29642) has died: fg  TOP 
07-10 20:59:28.789  2556  3733 I SmartPower: com.nhimz.vocabmaster/10401 state=foreground adj=0 proc size=1 move to 
died process died 
07-10 20:59:28.797  2556  8068 I WindowManager: WIN DEATH: Window{22c6937 u0 
com.nhimz.vocabmaster/com.nhimz.vocabmaster.MainActivity}
07-10 20:59:28.819  2556  2742 W WindowManager: Failed to deliver inset state change to w=Window{22c6937 u0 
com.nhimz.vocabmaster/com.nhimz.vocabmaster.MainActivity EXITING}
07-10 20:59:28.849  2556  2742 W WindowManager: Exception thrown during dispatchAppVisibility Window{22c6937 u0 
com.nhimz.vocabmaster/com.nhimz.vocabmaster.MainActivity EXITING}
07-10 20:59:29.222  2556  2741 W ActivityTaskManager: Activity top resumed state loss timeout for 
ActivityRecord{c605633 u0 com.nhimz.vocabmaster/.MainActivity} t-1 f}}
07-10 20:59:30.057  2556  3632 I ActivityTaskManager: START u0 {act=android.intent.action.MAIN 
cat=[android.intent.category.LAUNCHER] flg=0x10200000 cmp=com.nhimz.vocabmaster/.MainActivity 
bnds=[109,1793][336,2020] (has extras)} from uid 10133 from pid 4502 callingPackage com.miui.home
07-10 20:59:30.060  2556  3632 I WindowManager: When perf version exceed 2.3, MiGTStub result: false, gameType: 1, 
packageName: com.nhimz.vocabmaster
07-10 20:59:30.093  2556  3632 D CoreBackPreview: Window{74685c7 u0 Splash Screen com.nhimz.vocabmaster}: Setting back 
callback OnBackInvokedCallbackInfo{mCallback=android.window.IOnBackInvokedCallback$Stub$Proxy@230ab1d, mPriority=0}
07-10 20:59:30.096  2556  2753 D Boost   : hostingType=next-top-activity, 
hostingName={com.nhimz.vocabmaster/com.nhimz.vocabmaster.MainActivity}, callerPackage=com.miui.home, isSystem=true, 
isBoostNeeded=false.
07-10 20:59:30.098  2556  2753 I ActivityManager: Start proc 31314:com.nhimz.vocabmaster/u0a401 for next-top-activity 
{com.nhimz.vocabmaster/com.nhimz.vocabmaster.MainActivity} caller=com.miui.home
07-10 20:59:30.116  2556  2742 I SmartPower.com.nhimz.vocabmaster/10401(0): died->visible(1329ms) R(become visible) 
adj=-10000.
07-10 20:59:30.121  2556  3733 I SmartPower: com.nhimz.vocabmaster/10401 state=died adj=0 proc size=1 move to 
foreground become visible
07-10 20:59:30.234  2556  5036 I AppsFilter: interaction: PackageSetting{43139e3 com.nhimz.vocabmaster/10401} -> 
PackageSetting{12affe0 com.xiaomi.mibrain.speech/10234} BLOCKED
07-10 20:59:30.235  2556  3211 I AppsFilter: interaction: PackageSetting{43139e3 com.nhimz.vocabmaster/10401} -> 
PackageSetting{12affe0 com.xiaomi.mibrain.speech/10234} BLOCKED
07-10 20:59:30.282  2556  4787 D CoreBackPreview: Window{afb5af9 u0 
com.nhimz.vocabmaster/com.nhimz.vocabmaster.MainActivity}: Setting back callback 
OnBackInvokedCallbackInfo{mCallback=android.window.IOnBackInvokedCallback$Stub$Proxy@d40309f, mPriority=0}
07-10 20:59:30.356  2556  5036 D WindowManager: Input focus has changed to Window{afb5af9 u0 
com.nhimz.vocabmaster/com.nhimz.vocabmaster.MainActivity} display=0
07-10 20:59:30.404  2556  5088 D MiuiFreeFormGesturePointerEventListener: finishDrawingWindow: topFullScreenWindow= 
Window{afb5af9 u0 com.nhimz.vocabmaster/com.nhimz.vocabmaster.MainActivity}
07-10 20:59:30.789  2556  5036 D CoreBackPreview: Window{74685c7 u0 Splash Screen com.nhimz.vocabmaster EXITING}: 
Setting back callback null
07-10 20:59:38.356  2556 16161 I PackageManager: Dexopt with async: com.nhimz.vocabmaster, finished.
07-10 20:59:38.356  2556 16161 D PackageManager: FirstUseActivity packageName = com.nhimz.vocabmaster success = true
07-10 20:59:57.848  2556  5088 D WindowManager: Input focus has changed to Window{afb5af9 u0 
com.nhimz.vocabmaster/com.nhimz.vocabmaster.MainActivity} display=0
07-10 20:59:59.135  2556  2741 I SmartPower.com.nhimz.vocabmaster/10401(31314): visible->invisible(29019ms) R(become 
invisible) adj=0.
07-10 20:59:59.135  2556  2741 I SmartPower.com.nhimz.vocabmaster/10401(31314): invisible->background(0ms) R(become 
background) adj=0.
07-10 20:59:59.139  2556  3733 I SmartPower: com.nhimz.vocabmaster/10401 state=foreground adj=0 proc size=1 move to 
inactive become invisible
07-10 20:59:59.912  2556  3056 I ProcessSceneCleaner: SwipeUpClean: kill procName=com.nhimz.vocabmaster info=AS:90519
07-10 20:59:59.913  2556  3056 I ActivityManager: Killing 31314:com.nhimz.vocabmaster/u0a401 (adj 905): SwipeUpClean
07-10 20:59:59.915  2556  3056 I SmartPower.com.nhimz.vocabmaster/10401(31314): background->died(780ms) R(process died 
) adj=905.
07-10 20:59:59.916  2556  3733 I SmartPower: com.nhimz.vocabmaster/10401 state=inactive adj=905 proc size=1 move to 
died process died 
07-10 20:59:59.992  2556  5088 I WindowManager: WIN DEATH: Window{afb5af9 u0 
com.nhimz.vocabmaster/com.nhimz.vocabmaster.MainActivity}
07-10 21:00:00.003  2556  2750 W UsageStatsService: Unexpected activity event reported! 
(com.nhimz.vocabmaster/com.nhimz.vocabmaster.MainActivity event : 23 instanceId : 166941797)
07-10 21:00:06.580  2556  5188 I ActivityTaskManager: START u0 {act=android.intent.action.MAIN 
cat=[android.intent.category.LAUNCHER] flg=0x10200000 cmp=com.nhimz.vocabmaster/.MainActivity bnds=[99,1778][326,2005] 
(has extras)} from uid 10133 from pid 4502 callingPackage com.miui.home
07-10 21:00:06.583  2556  5188 I WindowManager: When perf version exceed 2.3, MiGTStub result: false, gameType: 1, 
packageName: com.nhimz.vocabmaster
07-10 21:00:06.610  2556  9459 D CoreBackPreview: Window{67306c5 u0 Splash Screen com.nhimz.vocabmaster}: Setting back 
callback OnBackInvokedCallbackInfo{mCallback=android.window.IOnBackInvokedCallback$Stub$Proxy@dc65f4b, mPriority=0}
07-10 21:00:06.624  2556  2753 D Boost   : hostingType=next-top-activity, 
hostingName={com.nhimz.vocabmaster/com.nhimz.vocabmaster.MainActivity}, callerPackage=com.miui.home, isSystem=true, 
isBoostNeeded=false.
07-10 21:00:06.625  2556  2742 I SmartPower.com.nhimz.vocabmaster/10401(0): died->visible(6710ms) R(become visible) 
adj=-10000.
07-10 21:00:06.630  2556  2753 I ActivityManager: Start proc 32194:com.nhimz.vocabmaster/u0a401 for next-top-activity 
{com.nhimz.vocabmaster/com.nhimz.vocabmaster.MainActivity} caller=com.miui.home
07-10 21:00:06.635  2556  3733 I SmartPower: com.nhimz.vocabmaster/10401 state=died adj=905 proc size=1 move to 
foreground become visible
07-10 21:00:06.757  2556  4198 I AppsFilter: interaction: PackageSetting{43139e3 com.nhimz.vocabmaster/10401} -> 
PackageSetting{12affe0 com.xiaomi.mibrain.speech/10234} BLOCKED
07-10 21:00:06.757  2556  4198 I AppsFilter: interaction: PackageSetting{43139e3 com.nhimz.vocabmaster/10401} -> 
PackageSetting{12affe0 com.xiaomi.mibrain.speech/10234} BLOCKED
07-10 21:00:06.794  2556  4220 D CoreBackPreview: Window{b5b0546 u0 
com.nhimz.vocabmaster/com.nhimz.vocabmaster.MainActivity}: Setting back callback 
OnBackInvokedCallbackInfo{mCallback=android.window.IOnBackInvokedCallback$Stub$Proxy@fa95c34, mPriority=0}
07-10 21:00:06.883  2556  5238 D WindowManager: Input focus has changed to Window{b5b0546 u0 
com.nhimz.vocabmaster/com.nhimz.vocabmaster.MainActivity} display=0
07-10 21:00:06.921  2556  5238 D MiuiFreeFormGesturePointerEventListener: finishDrawingWindow: topFullScreenWindow= 
Window{b5b0546 u0 com.nhimz.vocabmaster/com.nhimz.vocabmaster.MainActivity}
07-10 21:00:07.297  2556  4220 D CoreBackPreview: Window{67306c5 u0 Splash Screen com.nhimz.vocabmaster EXITING}: 
Setting back callback null
07-10 21:00:10.536  2556  8076 I ActivityTaskManager: START u0 {flg=0x10000000 
cmp=com.nhimz.vocabmaster/.MainActivity} from uid 2000 from pid 32656 callingPackage com.android.shell
07-10 21:00:10.550  2556  8076 I ActivityTaskManager: The Process com.nhimz.vocabmaster Already Exists in BG. So 
sending its PID: 32194
07-10 21:00:10.575  2556  8076 D CoreBackPreview: Window{7b1537f u0 
com.nhimz.vocabmaster/com.nhimz.vocabmaster.MainActivity}: Setting back callback 
OnBackInvokedCallbackInfo{mCallback=android.window.IOnBackInvokedCallback$Stub$Proxy@c2fbb95, mPriority=0}
07-10 21:00:10.606  2556  4787 D WindowManager: Input focus has changed to Window{7b1537f u0 
com.nhimz.vocabmaster/com.nhimz.vocabmaster.MainActivity} display=0
07-10 21:00:10.616  2556  4787 D MiuiFreeFormGesturePointerEventListener: finishDrawingWindow: topFullScreenWindow= 
Window{7b1537f u0 com.nhimz.vocabmaster/com.nhimz.vocabmaster.MainActivity}
07-10 21:01:31.991  2556  2741 I SmartPower.com.nhimz.vocabmaster/10401(32194): visible->invisible(85366ms) R(become 
invisible) adj=0.
07-10 21:01:31.991  2556  2741 I SmartPower.com.nhimz.vocabmaster/10401(32194): invisible->background(0ms) R(become 
background) adj=0.
07-10 21:01:31.991  2556  3733 I SmartPower: com.nhimz.vocabmaster/10401 state=foreground adj=0 proc size=1 move to 
inactive become background
07-10 21:01:34.992  2556  3733 I SmartPower.com.nhimz.vocabmaster/10401(32194): background->idle(3001ms) R(become 
background) adj=700.
07-10 21:01:34.993  2556  3733 I SmartPower: com.nhimz.vocabmaster/10401 state=inactive adj=700 proc size=1 move to 
idle become background
07-10 21:01:36.945  2556  3733 I SmartPower: com.nhimz.vocabmaster/10401 state=idle adj=700 proc size=1 move to 
hibernation hibernate all app start
07-10 21:01:36.945  2556  4362 D ProcessMemoryCleaner: Compact memory: com.nhimz.vocabmaster/10401(32194) 
state=hibernation adj=700 pri=111 usage=9 isKilled=false pss:130809 swap:214
07-10 21:02:14.154  2556  4362 D ProcessMemoryCleaner: Compact memory: com.nhimz.vocabmaster/10401(32194) 
state=hibernation adj=900 pri=111 usage=9 isKilled=false pss:53893 swap:11317
07-10 21:02:32.041  2556  3217 I AppStateTracker: Package com.nhimz.vocabmaster/10401 toggled into fg service 
restriction
07-10 21:02:32.041  2556  3217 I AppStateTracker: Package com.nhimz.vocabmaster/10401 toggled into fg service 
restriction
07-10 21:02:32.052  2556  3217 I AppStateTracker: Package com.nhimz.vocabmaster/10401 toggled into fg service 
restriction
07-10 21:02:32.052  2556  3217 I AppStateTracker: Package com.nhimz.vocabmaster/10401 toggled into fg service 
restriction
07-10 21:03:24.778  2556  3098 I AppsFilter: interaction: PackageSetting{43139e3 com.nhimz.vocabmaster/10401} -> 
PackageSetting{392e5b3 com.google.android.tts/10402} BLOCKED
07-10 21:03:25.479  2556  2556 I AppsFilter: interaction: PackageSetting{43139e3 com.nhimz.vocabmaster/10401} -> 
PackageSetting{cf0adac com.google.android.tts/10402} BLOCKED
07-10 21:03:38.073  2556  3098 I AppsFilter: interaction: PackageSetting{43139e3 com.nhimz.vocabmaster/10401} -> 
PackageSetting{e3cbcee com.google.android.tts/10402} BLOCKED
07-10 21:03:45.981  4502  5064 E ActivityManagerWrapper: getRecentTasks: mainTaskId=9906   userId=0   
baseIntent=Intent { act=android.intent.action.MAIN flag=270532608 
cmp=ComponentInfo{com.nhimz.vocabmaster/com.nhimz.vocabmaster.MainActivity} }
07-10 21:03:46.100  4502  5064 E ActivityManagerWrapper: getRecentTasks: mainTaskId=9906   userId=0   
baseIntent=Intent { act=android.intent.action.MAIN flag=270532608 
cmp=ComponentInfo{com.nhimz.vocabmaster/com.nhimz.vocabmaster.MainActivity} }
07-10 21:03:48.415  4502  5064 E ActivityManagerWrapper: getRecentTasks: mainTaskId=9906   userId=0   
baseIntent=Intent { act=android.intent.action.MAIN flag=270532608 
cmp=ComponentInfo{com.nhimz.vocabmaster/com.nhimz.vocabmaster.MainActivity} }
07-10 21:03:48.433  4502  5064 E ActivityManagerWrapper: getRecentTasks: mainTaskId=9906   userId=0   
baseIntent=Intent { act=android.intent.action.MAIN flag=270532608 
cmp=ComponentInfo{com.nhimz.vocabmaster/com.nhimz.vocabmaster.MainActivity} }
07-10 21:03:52.410  4502  5064 E ActivityManagerWrapper: getRecentTasks: mainTaskId=9906   userId=0   
baseIntent=Intent { act=android.intent.action.MAIN flag=270532608 
cmp=ComponentInfo{com.nhimz.vocabmaster/com.nhimz.vocabmaster.MainActivity} }
07-10 21:03:52.537  4502  5064 E ActivityManagerWrapper: getRecentTasks: mainTaskId=9906   userId=0   
baseIntent=Intent { act=android.intent.action.MAIN flag=270532608 
cmp=ComponentInfo{com.nhimz.vocabmaster/com.nhimz.vocabmaster.MainActivity} }
07-10 21:03:52.986  4502  4502 D Launcher.CellLayout: touch item:ShortcutInfo, id=336, itemType=0, user=UserHandle{0}, 
mIconType=0, pkgName=com.nhimz.vocabmaster, className=com.nhimz.vocabmaster.MainActivity, screenId=3, container=-100, 
cellX=0, cellY=4, spanX=1, spanY=1
07-10 21:03:53.066  2556  5698 I ActivityTaskManager: START u0 {act=android.intent.action.MAIN 
cat=[android.intent.category.LAUNCHER] flg=0x10200000 cmp=com.nhimz.vocabmaster/.MainActivity 
bnds=[107,1791][334,2018] (has extras)} from uid 10133 from pid 4502 callingPackage com.miui.home
07-10 21:03:53.069  2556  5698 I SmartPower.com.nhimz.vocabmaster/10401(32194): idle->invisible(138077ms) R(become 
foreground) adj=900.
07-10 21:03:53.069  2556  3733 I SmartPower: com.nhimz.vocabmaster/10401 state=hibernation adj=900 proc size=1 move to 
background become foreground
07-10 21:03:53.072  2556  5698 D PerfStubImpl: perfWarmLaunchBoost: com.nhimz.vocabmaster, -1, 1
07-10 21:03:53.085  2556  4567 D PerfStubImpl: perfWarmLaunchBoost: com.nhimz.vocabmaster, -1, 1
07-10 21:03:53.097  2556  2742 I SmartPower.com.nhimz.vocabmaster/10401(32194): invisible->visible(27ms) R(become 
visible) adj=900.
07-10 21:03:53.097  2556  3733 I SmartPower: com.nhimz.vocabmaster/10401 state=background adj=900 proc size=1 move to 
foreground become visible
07-10 21:03:53.102  8759 10053 D GreenifyCheckerStatsd: onForegroundInfoChanged: com.nhimz.vocabmaster
07-10 21:03:53.107  8759  9004 D LS-ForegroundStatusManager: handleMessage ForegroundInfoChanged. pkg = 
com.nhimz.vocabmaster, uid = 10401, mCurrentForegroundUid = 10133
07-10 21:03:53.111  9677  9677 D AppLifecycleObserver: onReceive: com.nhimz.vocabmaster FOREGROUND
07-10 21:03:53.111  9677  9677 I GameEventTag: notify failed, pkg=com.nhimz.vocabmaster event=3 version not match
07-10 21:03:53.112  9677  9677 D PkgUtils: getApplicationInfo packageName:com.nhimz.vocabmaster, flags:128 
applicationInfo:ApplicationInfo{2273afd com.nhimz.vocabmaster} needSecondSpace:false
07-10 21:03:53.112  4502 10246 D AppObserver: ForegroundInfo{mForegroundPackageName='com.nhimz.vocabmaster', 
mForegroundUid=10401, mForegroundPid=32194, mLastForegroundPackageName='com.miui.home', mLastForegroundUid=10133, 
mLastForegroundPid=4502, mMultiWindowForegroundPackageName='com.nhimz.vocabmaster', mMultiWindowForegroundUid=10401, 
mFlags=0}
07-10 21:03:53.112  7006  7047 I ProcessMonitor: onForegroundInfoChanged: 
ForegroundInfo{mForegroundPackageName='com.nhimz.vocabmaster', mForegroundUid=10401, mForegroundPid=32194, 
mLastForegroundPackageName='com.miui.home', mLastForegroundUid=10133, mLastForegroundPid=4502, 
mMultiWindowForegroundPackageName='com.nhimz.vocabmaster', mMultiWindowForegroundUid=10401, mFlags=0}
07-10 21:03:53.114  8759 10053 D PerfEngineController: ForegroundInfo{mForegroundPackageName='com.nhimz.vocabmaster', 
mForegroundUid=10401, mForegroundPid=32194, mLastForegroundPackageName='com.miui.home', mLastForegroundUid=10133, 
mLastForegroundPid=4502, mMultiWindowForegroundPackageName='com.nhimz.vocabmaster', mMultiWindowForegroundUid=10401, 
mFlags=0}
07-10 21:03:53.115  7006  7047 I GameBoosterService: onForegroundInfoChanged: Cur=com.nhimz.vocabmaster	 
last=com.miui.home
07-10 21:03:53.115  7006  7047 D GameBoosterService: onGameStatusChange 
foreground:ForegroundInfo{mForegroundPackageName='com.nhimz.vocabmaster', mForegroundUid=10401, mForegroundPid=32194, 
mLastForegroundPackageName='com.miui.home', mLastForegroundUid=10133, mLastForegroundPid=4502, 
mMultiWindowForegroundPackageName='com.nhimz.vocabmaster', mMultiWindowForegroundUid=10401, mFlags=0}
07-10 21:03:53.119  7006  8698 E SuggestManager: openApp name = com.nhimz.vocabmaster
07-10 21:03:53.125  7006  7047 I BeautyService: onForegroundInfoChanged: Cur=com.nhimz.vocabmaster	 last=com.miui.home
07-10 21:03:53.128  2556  3217 I AppStateTracker: Package com.nhimz.vocabmaster/10401 toggled out of fg service 
restriction
07-10 21:03:53.128  2556  3217 I AppStateTracker: Package com.nhimz.vocabmaster/10401 toggled out of fg service 
restriction
07-10 21:03:53.135  2556  3217 I AppStateTracker: Package com.nhimz.vocabmaster/10401 toggled out of fg service 
restriction
07-10 21:03:53.135  2556  3217 I AppStateTracker: Package com.nhimz.vocabmaster/10401 toggled out of fg service 
restriction
07-10 21:03:53.155  9677  9696 D services: [XMS][observer] ActivityObserver activityResumed packageName: 
com.nhimz.vocabmaster
07-10 21:03:53.156  4502  4502 D RecentsImpl: mActivityStateObserver com.nhimz.vocabmaster.MainActivity
07-10 21:03:53.156 10543 10801 D auth    : [XMS][Auth] ActivityObserver activityResumed packageName: 
com.nhimz.vocabmaster
07-10 21:03:53.156  4502  4502 W RecentsImpl: onResumed className=com.nhimz.vocabmaster.MainActivity   
mIsInAnotherPro=false   isKeyguardLocked=false   mSecuritySpaceGuideShown=false
07-10 21:03:53.157  7389 12237 I XMSF-actMonitor_MonitorManager: onActivityResumed: 
ActivityInfo{name='com.nhimz.vocabmaster.MainActivity', pkg='com.nhimz.vocabmaster', callerPkg='null', windowMode=-1, 
displayId=-1, appBounds=Rect(0, 108 - 1440, 3144), duration=-1},activityInfoQueue:30,curMonitorStrategy=
07-10 21:03:53.163  2556  3336 D WindowManager: Input focus has changed to Window{7b1537f u0 
com.nhimz.vocabmaster/com.nhimz.vocabmaster.MainActivity} display=0
07-10 21:03:53.166  1547  6440 I SurfaceFlinger: setTransactionState focusRequest transactionId:10977936614026 
frontWin:7b1537f com.nhimz.vocabmaster/com.nhimz.vocabmaster.MainActivity
07-10 21:03:53.192  4502  5064 W RecentsModel: getRunningTask   taskInfo=TaskInfo{userId=0 taskId=9906 displayId=0 
isRunning=true baseIntent=Intent { act=android.intent.action.MAIN cat=[android.intent.category.LAUNCHER] 
flg=0x10200000 cmp=com.nhimz.vocabmaster/.MainActivity } 
baseActivity=ComponentInfo{com.nhimz.vocabmaster/com.nhimz.vocabmaster.MainActivity} 
topActivity=ComponentInfo{com.nhimz.vocabmaster/com.nhimz.vocabmaster.MainActivity} origActivity=null 
realActivity=ComponentInfo{com.nhimz.vocabmaster/com.nhimz.vocabmaster.MainActivity} numActivities=2 
lastActiveTime=98852322 supportsSplitScreenMultiWindow=true supportsMultiWindow=true resizeMode=1 isResizeable=true 
minWidth=-1 minHeight=-1 defaultMinSize=200 token=WCT{android.window.IWindowContainerToken$Stub$Proxy@e54bee4} 
topActivityType=1 pictureInPictureParams=null shouldDockBigOverlays=false launchIntoPipHostTaskId=0 
displayCutoutSafeInsets=Rect(0, 108 - 0, 0) topActivityInfo=ActivityInfo{496ef4d com.nhimz.vocabmaster.MainActivity} 
launchCookies=[] positionInParent=Point(0, 0) parentTaskId=-1 isFocused=true isVisible=true isSleeping=false 
topActivityInSizeCompat=false topActivityInMiuiSizeCompat=false topActivityEligibleForLetterboxEducation= false 
locusId=null displayAreaFeatureId=1 cameraCompatControlState=hidden mIsCastMode=false}
07-10 21:03:53.192  4502  5064 W RecentsModel: getTaskInfoIgnoreHomeAndFreeform   
taskInfo=ComponentInfo{com.nhimz.vocabmaster/com.nhimz.vocabmaster.MainActivity}
07-10 21:03:53.198  2556  4198 D MiuiFreeFormGesturePointerEventListener: finishDrawingWindow: topFullScreenWindow= 
Window{7b1537f u0 com.nhimz.vocabmaster/com.nhimz.vocabmaster.MainActivity}
07-10 21:03:53.204  4502  5064 E ActivityManagerWrapper: getRecentTasks: mainTaskId=9906   userId=0   
baseIntent=Intent { act=android.intent.action.MAIN flag=270532608 
cmp=ComponentInfo{com.nhimz.vocabmaster/com.nhimz.vocabmaster.MainActivity} }
07-10 21:03:53.220 15617 15617 I GoogleInputMethodService: GoogleInputMethodService.onStartInput():1460 
onStartInput(EditorInfo{EditorInfo{packageName=com.nhimz.vocabmaster, inputType=0, inputTypeString=NULL, 
enableLearning=false, autoCorrection=false, autoComplete=false, imeOptions=0, privateImeOptions=null, 
actionName=UNSPECIFIED, actionLabel=null, initialSelStart=-1, initialSelEnd=-1, initialCapsMode=0, label=null, 
fieldId=-1, fieldName=null, extras=Bundle[mParcelledData.dataSize=72], hintText=null, hintLocales=[]}}, false)
07-10 21:03:53.231  4502  5064 W RecentsModel: getRunningTask   taskInfo=TaskInfo{userId=0 taskId=9906 displayId=0 
isRunning=true baseIntent=Intent { act=android.intent.action.MAIN cat=[android.intent.category.LAUNCHER] 
flg=0x10200000 cmp=com.nhimz.vocabmaster/.MainActivity } 
baseActivity=ComponentInfo{com.nhimz.vocabmaster/com.nhimz.vocabmaster.MainActivity} 
topActivity=ComponentInfo{com.nhimz.vocabmaster/com.nhimz.vocabmaster.MainActivity} origActivity=null 
realActivity=ComponentInfo{com.nhimz.vocabmaster/com.nhimz.vocabmaster.MainActivity} numActivities=2 
lastActiveTime=98852362 supportsSplitScreenMultiWindow=true supportsMultiWindow=true resizeMode=1 isResizeable=true 
minWidth=-1 minHeight=-1 defaultMinSize=200 token=WCT{android.window.IWindowContainerToken$Stub$Proxy@3bb8a02} 
topActivityType=1 pictureInPictureParams=null shouldDockBigOverlays=false launchIntoPipHostTaskId=0 
displayCutoutSafeInsets=Rect(0, 108 - 0, 0) topActivityInfo=ActivityInfo{a728f13 com.nhimz.vocabmaster.MainActivity} 
launchCookies=[] positionInParent=Point(0, 0) parentTaskId=-1 isFocused=true isVisible=true isSleeping=false 
topActivityInSizeCompat=false topActivityInMiuiSizeCompat=false topActivityEligibleForLetterboxEducation= false 
locusId=null displayAreaFeatureId=1 cameraCompatControlState=hidden mIsCastMode=false}
07-10 21:03:53.231  4502  5064 W RecentsModel: getTaskInfoIgnoreHomeAndFreeform   
taskInfo=ComponentInfo{com.nhimz.vocabmaster/com.nhimz.vocabmaster.MainActivity}
07-10 21:03:53.237  4502  5064 E ActivityManagerWrapper: getRecentTasks: mainTaskId=9906   userId=0   
baseIntent=Intent { act=android.intent.action.MAIN flag=270532608 
cmp=ComponentInfo{com.nhimz.vocabmaster/com.nhimz.vocabmaster.MainActivity} }
07-10 21:03:54.305  8759  9021 I DisplayFrameSetting: homeToAppEnd pkg=com.nhimz.vocabmaster
07-10 21:03:54.618  4502  4502 D RecentsModel: logTasks: type_all, [TaskInfo{userId=0 taskId=9906 displayId=0 
isRunning=true baseIntent=Intent { act=android.intent.action.MAIN cat=[android.intent.category.LAUNCHER] 
flg=0x10200000 cmp=com.nhimz.vocabmaster/.MainActivity } 
baseActivity=ComponentInfo{com.nhimz.vocabmaster/com.nhimz.vocabmaster.MainActivity} 
topActivity=ComponentInfo{com.nhimz.vocabmaster/com.nhimz.vocabmaster.MainActivity} origActivity=null 
realActivity=ComponentInfo{com.nhimz.vocabmaster/com.nhimz.vocabmaster.MainActivity} numActivities=2 
lastActiveTime=98853751 supportsSplitScreenMultiWindow=true supportsMultiWindow=true resizeMode=1 isResizeable=true 
minWidth=-1 minHeight=-1 defaultMinSize=200 token=WCT{android.window.IWindowContainerToken$Stub$Proxy@4c17f44} 
topActivityType=1 pictureInPictureParams=null shouldDockBigOverlays=false launchIntoPipHostTaskId=0 
displayCutoutSafeInsets=Rect(0, 108 - 0, 0) topActivityInfo=ActivityInfo{dc2182d com.nhimz.vocabmaster.MainActivity} 
launchCookies=[] positionInParent=Point(0, 0) parentTaskId=-1 isFocused=true isVisible=true isSleeping=false 
topActivityInSizeCompat=false topActivityInMiuiSizeCompat=false topActivityEligibleForLetterboxEducation= false 
locusId=null displayAreaFeatureId=1 cameraCompatControlState=hidden mIsCastMode=false}, TaskInfo{userId=0 taskId=2 
displayId=0 isRunning=true baseIntent=Intent { act=android.intent.action.MAIN cat=[android.intent.category.HOME] 
flg=0x10800100 cmp=com.miui.home/.launcher.Launcher } 
baseActivity=ComponentInfo{com.miui.home/com.miui.home.launcher.Launcher} 
topActivity=ComponentInfo{com.miui.home/com.miui.home.launcher.Launcher} origActivity=null 
realActivity=ComponentInfo{com.miui.home/com.miui.home.launcher.Launcher} numActivities=1 lastActiveTime=98852199 
supportsSplitScreenMultiWindow=true supportsMultiWindow=true resizeMode=2 isResizeable=true minWidth=-1 minHeight=-1 
defaultMinSize=200 token=WCT{android.window.IWindowContainerToken$Stub$Proxy@ed03162} topActivityType=2 
pictureInPictureParams=null shouldDockBigOverlays=false launchIntoPipHostTaskId=0 displayCutoutSafeInsets=Rect(0, 108 
- 0, 0) topActivityInfo=ActivityInfo{17d12f3 com.miui.home.launcher.Launcher} launchCookies=[] 
positionInParent=Point(0, 0) parentTaskId=-1 isFocused=false isVisible=false isSleeping=false 
topActivityInSizeCompat=false topActivityInMiuiSizeCompat=false topActivityEligibleForLetterboxEducation= false 
locusId=null displayAreaFeatureId=1 cameraCompatControlState=hidden mIsCastMode=false}, TaskInfo{userId=0 taskId=9902 
displayId=0 isRunning=true baseIntent=Intent { act=android.intent.action.MAIN cat=[android.intent.category.LAUNCHER] 
flg=0x10200000 cmp=com.android.settings/.MainSettings } 
baseActivity=ComponentInfo{com.android.settings/com.android.settings.MainSettings} 
topActivity=ComponentInfo{com.android.settings/com.android.settings.MiuiSettings} 
origActivity=ComponentInfo{com.android.settings/com.android.settings.MainSettings} 
realActivity=ComponentInfo{com.android.settings/com.android.settings.MiuiSettings} numActivities=1 
lastActiveTime=98851391 supportsSplitScreenMultiWindow=true supportsMultiWindow=true resizeMode=1 isResizeable=true 
minWidth=-1 minHeight=-1 defaultMinSize=200 token=WCT{android.window.IWindowContainerToken$Stub$Proxy@8f94bb0} 
topActivityType=1 pictureInPictureParams=null shouldDockBigOverlays=false launchIntoPipHostTaskId=0 
displayCutoutSafeInsets=Rect(0, 108 - 0, 0) topActivityInfo=ActivityInfo{1550a29 com.android.settings.MainSettings} 
launchCookies=[] positionInParent=Point(0, 0) parentTaskId=-1 isFocused=false isVisible=false isSleeping=false 
topActivityInSizeCompat=false topActivityInMiuiSizeCompat=false topActivityEligibleForLetterboxEducation= false 
locusId=null displayAreaFeatureId=1 cameraCompatControlState=hidden mIsCastMode=false}, TaskInfo{userId=0 taskId=9907 
displayId=0 isRunning=true baseIntent=Intent { act=android.intent.action.MAIN cat=[android.intent.category.LAUNCHER] 
flg=0x10200000 cmp=com.android.vending/.AssetBrowserActivity } 
baseActivity=ComponentInfo{com.android.vending/com.android.vending.Asset
07-10 21:03:54.618  4502  4502 D RecentsModel: logTasks: type_ignore_split_and_freefrom, [TaskInfo{userId=0 
taskId=9906 displayId=0 isRunning=true baseIntent=Intent { act=android.intent.action.MAIN 
cat=[android.intent.category.LAUNCHER] flg=0x10200000 cmp=com.nhimz.vocabmaster/.MainActivity } 
baseActivity=ComponentInfo{com.nhimz.vocabmaster/com.nhimz.vocabmaster.MainActivity} 
topActivity=ComponentInfo{com.nhimz.vocabmaster/com.nhimz.vocabmaster.MainActivity} origActivity=null 
realActivity=ComponentInfo{com.nhimz.vocabmaster/com.nhimz.vocabmaster.MainActivity} numActivities=2 
lastActiveTime=98853751 supportsSplitScreenMultiWindow=true supportsMultiWindow=true resizeMode=1 isResizeable=true 
minWidth=-1 minHeight=-1 defaultMinSize=200 token=WCT{android.window.IWindowContainerToken$Stub$Proxy@4c17f44} 
topActivityType=1 pictureInPictureParams=null shouldDockBigOverlays=false launchIntoPipHostTaskId=0 
displayCutoutSafeInsets=Rect(0, 108 - 0, 0) topActivityInfo=ActivityInfo{dc2182d com.nhimz.vocabmaster.MainActivity} 
launchCookies=[] positionInParent=Point(0, 0) parentTaskId=-1 isFocused=true isVisible=true isSleeping=false 
topActivityInSizeCompat=false topActivityInMiuiSizeCompat=false topActivityEligibleForLetterboxEducation= false 
locusId=null displayAreaFeatureId=1 cameraCompatControlState=hidden mIsCastMode=false}, TaskInfo{userId=0 taskId=2 
displayId=0 isRunning=true baseIntent=Intent { act=android.intent.action.MAIN cat=[android.intent.category.HOME] 
flg=0x10800100 cmp=com.miui.home/.launcher.Launcher } 
baseActivity=ComponentInfo{com.miui.home/com.miui.home.launcher.Launcher} 
topActivity=ComponentInfo{com.miui.home/com.miui.home.launcher.Launcher} origActivity=null 
realActivity=ComponentInfo{com.miui.home/com.miui.home.launcher.Launcher} numActivities=1 lastActiveTime=98852199 
supportsSplitScreenMultiWindow=true supportsMultiWindow=true resizeMode=2 isResizeable=true minWidth=-1 minHeight=-1 
defaultMinSize=200 token=WCT{android.window.IWindowContainerToken$Stub$Proxy@ed03162} topActivityType=2 
pictureInPictureParams=null shouldDockBigOverlays=false launchIntoPipHostTaskId=0 displayCutoutSafeInsets=Rect(0, 108 
- 0, 0) topActivityInfo=ActivityInfo{17d12f3 com.miui.home.launcher.Launcher} launchCookies=[] 
positionInParent=Point(0, 0) parentTaskId=-1 isFocused=false isVisible=false isSleeping=false 
topActivityInSizeCompat=false topActivityInMiuiSizeCompat=false topActivityEligibleForLetterboxEducation= false 
locusId=null displayAreaFeatureId=1 cameraCompatControlState=hidden mIsCastMode=false}, TaskInfo{userId=0 taskId=9902 
displayId=0 isRunning=true baseIntent=Intent { act=android.intent.action.MAIN cat=[android.intent.category.LAUNCHER] 
flg=0x10200000 cmp=com.android.settings/.MainSettings } 
baseActivity=ComponentInfo{com.android.settings/com.android.settings.MainSettings} 
topActivity=ComponentInfo{com.android.settings/com.android.settings.MiuiSettings} 
origActivity=ComponentInfo{com.android.settings/com.android.settings.MainSettings} 
realActivity=ComponentInfo{com.android.settings/com.android.settings.MiuiSettings} numActivities=1 
lastActiveTime=98851391 supportsSplitScreenMultiWindow=true supportsMultiWindow=true resizeMode=1 isResizeable=true 
minWidth=-1 minHeight=-1 defaultMinSize=200 token=WCT{android.window.IWindowContainerToken$Stub$Proxy@8f94bb0} 
topActivityType=1 pictureInPictureParams=null shouldDockBigOverlays=false launchIntoPipHostTaskId=0 
displayCutoutSafeInsets=Rect(0, 108 - 0, 0) topActivityInfo=ActivityInfo{1550a29 com.android.settings.MainSettings} 
launchCookies=[] positionInParent=Point(0, 0) parentTaskId=-1 isFocused=false isVisible=false isSleeping=false 
topActivityInSizeCompat=false topActivityInMiuiSizeCompat=false topActivityEligibleForLetterboxEducation= false 
locusId=null displayAreaFeatureId=1 cameraCompatControlState=hidden mIsCastMode=false}, TaskInfo{userId=0 taskId=9907 
displayId=0 isRunning=true baseIntent=Intent { act=android.intent.action.MAIN cat=[android.intent.category.LAUNCHER] 
flg=0x10200000 cmp=com.android.vending/.AssetBrowserActivity } baseActivity=ComponentInfo{com.android.vending/com
07-10 21:03:54.618  8759  9021 I DisplayFrameSetting: setScreenEffect pkg=com.nhimz.vocabmaster fps=120 cookie=244
07-10 21:03:54.619  4502  4502 D NavStubView: isAppHandleGesture, 
runningTaskClassName=com.nhimz.vocabmaster.MainActivity, isAppHandleGesture=false
07-10 21:03:54.629  4502  4561 D RemoteAnimationTargetSet: 0, RemoteAnimationTargetCompat{taskId=9906, mode=1, 
isTranslucent=false, clipRect=Rect(0, 0 - 0, 0), position=Point(0, 0), sourceContainerBounds=Rect(0, 0 - 1440, 3200), 
prefixOrderIndex=58, isNotInRecents=false, contentInsets=Rect(0, 108 - 0, 56), activityType=1, 
packageName=com.nhimz.vocabmaster}
07-10 21:03:54.841  4502  4502 D TaskView: TaskView bind task, task=[TaskKey{id=9906, stackId=0, baseIntent=Intent { 
act=android.intent.action.MAIN cat=[android.intent.category.LAUNCHER] flg=0x10200000 
cmp=com.nhimz.vocabmaster/.MainActivity }, userId=0, lastActiveTime=98852212, windowingMode=1, isThumbnailBlur=false, 
isScreening=false, topActivity=ComponentInfo{com.nhimz.vocabmaster/com.nhimz.vocabmaster.MainActivity}, 
mHashCode=296033198}, title=Vocab Master, titleDescription=Vocab Master, bounds=null, isLaunchTarget=true, 
isStackTask=true, isSystemApp=false, isDockable=true, 
baseActivity=ComponentInfo{com.nhimz.vocabmaster/com.nhimz.vocabmaster.MainActivity}, isLocked=false, 
isAccessLocked=false, mNeedHide=false] , isLock=false
07-10 21:03:54.841  4502  4502 D TaskViewThumbnail: updateThumbnailScale, t=[TaskKey{id=9906, stackId=0, 
baseIntent=Intent { act=android.intent.action.MAIN cat=[android.intent.category.LAUNCHER] flg=0x10200000 
cmp=com.nhimz.vocabmaster/.MainActivity }, userId=0, lastActiveTime=98852212, windowingMode=1, isThumbnailBlur=false, 
isScreening=false, topActivity=ComponentInfo{com.nhimz.vocabmaster/com.nhimz.vocabmaster.MainActivity}, 
mHashCode=296033198}, title=Vocab Master, titleDescription=Vocab Master, bounds=null, isLaunchTarget=true, 
isStackTask=true, isSystemApp=false, isDockable=true, 
baseActivity=ComponentInfo{com.nhimz.vocabmaster/com.nhimz.vocabmaster.MainActivity}, isLocked=false, 
isAccessLocked=false, mNeedHide=false] , mThumbnailBitmapSizeAfterScaled=(783, 1710)
07-10 21:03:54.842  4502  4502 D TaskView: TaskView bind task, task=[TaskKey{id=9906, stackId=0, baseIntent=Intent { 
act=android.intent.action.MAIN cat=[android.intent.category.LAUNCHER] flg=0x10200000 
cmp=com.nhimz.vocabmaster/.MainActivity }, userId=0, lastActiveTime=98852212, windowingMode=1, isThumbnailBlur=false, 
isScreening=false, topActivity=ComponentInfo{com.nhimz.vocabmaster/com.nhimz.vocabmaster.MainActivity}, 
mHashCode=296033198}, title=Vocab Master, titleDescription=Vocab Master, bounds=null, isLaunchTarget=true, 
isStackTask=true, isSystemApp=false, isDockable=true, 
baseActivity=ComponentInfo{com.nhimz.vocabmaster/com.nhimz.vocabmaster.MainActivity}, isLocked=false, 
isAccessLocked=false, mNeedHide=false] , isLock=false
07-10 21:03:54.842  4502  4502 D TaskViewThumbnail: updateThumbnailScale, t=[TaskKey{id=9906, stackId=0, 
baseIntent=Intent { act=android.intent.action.MAIN cat=[android.intent.category.LAUNCHER] flg=0x10200000 
cmp=com.nhimz.vocabmaster/.MainActivity }, userId=0, lastActiveTime=98852212, windowingMode=1, isThumbnailBlur=false, 
isScreening=false, topActivity=ComponentInfo{com.nhimz.vocabmaster/com.nhimz.vocabmaster.MainActivity}, 
mHashCode=296033198}, title=Vocab Master, titleDescription=Vocab Master, bounds=null, isLaunchTarget=true, 
isStackTask=true, isSystemApp=false, isDockable=true, 
baseActivity=ComponentInfo{com.nhimz.vocabmaster/com.nhimz.vocabmaster.MainActivity}, isLocked=false, 
isAccessLocked=false, mNeedHide=false] , mThumbnailBitmapSizeAfterScaled=(783, 1710)
07-10 21:03:54.865  4502  4637 D RecentsAndFSGestureUtils: canTaskEnterSmallWindow, pkg=com.nhimz.vocabmaster, 
taskId=9906, result=true, because only use taskId to distinguish
07-10 21:03:54.897  4502  4644 D IconLoader: Loading icon: TaskKey{id=9906, stackId=0, baseIntent=Intent { 
act=android.intent.action.MAIN cat=[android.intent.category.LAUNCHER] flg=0x10200000 
cmp=com.nhimz.vocabmaster/.MainActivity }, userId=0, lastActiveTime=98852212, windowingMode=1, isThumbnailBlur=false, 
isScreening=false, topActivity=ComponentInfo{com.nhimz.vocabmaster/com.nhimz.vocabmaster.MainActivity}, 
mHashCode=296033198}
07-10 21:03:54.908  4502  4502 D TaskViewThumbnail: updateThumbnailScale, t=[TaskKey{id=9906, stackId=0, 
baseIntent=Intent { act=android.intent.action.MAIN cat=[android.intent.category.LAUNCHER] flg=0x10200000 
cmp=com.nhimz.vocabmaster/.MainActivity }, userId=0, lastActiveTime=98852212, windowingMode=1, isThumbnailBlur=false, 
isScreening=false, topActivity=ComponentInfo{com.nhimz.vocabmaster/com.nhimz.vocabmaster.MainActivity}, 
mHashCode=296033198}, title=Vocab Master, titleDescription=Vocab Master, bounds=null, isLaunchTarget=true, 
isStackTask=true, isSystemApp=false, isDockable=true, 
baseActivity=ComponentInfo{com.nhimz.vocabmaster/com.nhimz.vocabmaster.MainActivity}, isLocked=false, 
isAccessLocked=false, mNeedHide=false] , mThumbnailBitmapSizeAfterScaled=(783, 1710)
07-10 21:03:54.917  4502  4502 D TaskViewThumbnail: updateThumbnailScale, t=[TaskKey{id=9906, stackId=0, 
baseIntent=Intent { act=android.intent.action.MAIN cat=[android.intent.category.LAUNCHER] flg=0x10200000 
cmp=com.nhimz.vocabmaster/.MainActivity }, userId=0, lastActiveTime=98852212, windowingMode=1, isThumbnailBlur=false, 
isScreening=false, topActivity=ComponentInfo{com.nhimz.vocabmaster/com.nhimz.vocabmaster.MainActivity}, 
mHashCode=296033198}, title=Vocab Master, titleDescription=Vocab Master, bounds=null, isLaunchTarget=true, 
isStackTask=true, isSystemApp=false, isDockable=true, 
baseActivity=ComponentInfo{com.nhimz.vocabmaster/com.nhimz.vocabmaster.MainActivity}, isLocked=false, 
isAccessLocked=false, mNeedHide=false] , mThumbnailBitmapSizeAfterScaled=(783, 1710)
07-10 21:03:55.382  4502  4502 D TaskViewThumbnail: updateThumbnailScale, t=[TaskKey{id=9906, stackId=0, 
baseIntent=Intent { act=android.intent.action.MAIN cat=[android.intent.category.LAUNCHER] flg=0x10200000 
cmp=com.nhimz.vocabmaster/.MainActivity }, userId=0, lastActiveTime=98852212, windowingMode=1, isThumbnailBlur=false, 
isScreening=false, topActivity=ComponentInfo{com.nhimz.vocabmaster/com.nhimz.vocabmaster.MainActivity}, 
mHashCode=296033198}, title=Vocab Master, titleDescription=Vocab Master, bounds=null, isLaunchTarget=true, 
isStackTask=true, isSystemApp=false, isDockable=true, 
baseActivity=ComponentInfo{com.nhimz.vocabmaster/com.nhimz.vocabmaster.MainActivity}, isLocked=false, 
isAccessLocked=false, mNeedHide=false] , mThumbnailBitmapSizeAfterScaled=(783, 1710)
07-10 21:03:55.388  4502  4502 D TaskViewThumbnail: updateThumbnailScale, t=[TaskKey{id=9906, stackId=0, 
baseIntent=Intent { act=android.intent.action.MAIN cat=[android.intent.category.LAUNCHER] flg=0x10200000 
cmp=com.nhimz.vocabmaster/.MainActivity }, userId=0, lastActiveTime=98852212, windowingMode=1, isThumbnailBlur=false, 
isScreening=false, topActivity=ComponentInfo{com.nhimz.vocabmaster/com.nhimz.vocabmaster.MainActivity}, 
mHashCode=296033198}, title=Vocab Master, titleDescription=Vocab Master, bounds=null, isLaunchTarget=true, 
isStackTask=true, isSystemApp=false, isDockable=true, 
baseActivity=ComponentInfo{com.nhimz.vocabmaster/com.nhimz.vocabmaster.MainActivity}, isLocked=false, 
isAccessLocked=false, mNeedHide=false] , mThumbnailBitmapSizeAfterScaled=(783, 1710)
07-10 21:03:55.420  1547  1828 I SurfaceFlinger: setTransactionState focusRequest transactionId:10977936614162 
frontWin:7b1537f com.nhimz.vocabmaster/com.nhimz.vocabmaster.MainActivity
07-10 21:03:55.423  2556  2741 I SmartPower.com.nhimz.vocabmaster/10401(32194): visible->invisible(2327ms) R(become 
invisible) adj=0.
07-10 21:03:55.423  2556  2741 I SmartPower.com.nhimz.vocabmaster/10401(32194): invisible->background(0ms) R(become 
background) adj=0.
07-10 21:03:55.423  2556  3733 I SmartPower: com.nhimz.vocabmaster/10401 state=foreground adj=0 proc size=1 move to 
inactive become invisible
07-10 21:03:55.431  8759  8900 I ThermalInfoCollector: collectForgroundAppsInfo: com.nhimz.vocabmaster
07-10 21:03:55.432  8759 10052 D PerfEngineController: ForegroundInfo{mForegroundPackageName='com.miui.home', 
mForegroundUid=10133, mForegroundPid=4502, mLastForegroundPackageName='com.nhimz.vocabmaster', 
mLastForegroundUid=10401, mLastForegroundPid=32194, mMultiWindowForegroundPackageName='com.miui.home', 
mMultiWindowForegroundUid=10133, mFlags=0}
07-10 21:03:55.432  7006  9425 I ProcessMonitor: onForegroundInfoChanged: 
ForegroundInfo{mForegroundPackageName='com.miui.home', mForegroundUid=10133, mForegroundPid=4502, 
mLastForegroundPackageName='com.nhimz.vocabmaster', mLastForegroundUid=10401, mLastForegroundPid=32194, 
mMultiWindowForegroundPackageName='com.miui.home', mMultiWindowForegroundUid=10133, mFlags=0}
07-10 21:03:55.432  4502  4541 D AppObserver: ForegroundInfo{mForegroundPackageName='com.miui.home', 
mForegroundUid=10133, mForegroundPid=4502, mLastForegroundPackageName='com.nhimz.vocabmaster', 
mLastForegroundUid=10401, mLastForegroundPid=32194, mMultiWindowForegroundPackageName='com.miui.home', 
mMultiWindowForegroundUid=10133, mFlags=0}
07-10 21:03:55.436  7006  9425 I GameBoosterService: onForegroundInfoChanged: Cur=com.miui.home	 
last=com.nhimz.vocabmaster
07-10 21:03:55.437  7006  9425 D GameBoosterService: onGameStatusChange 
foreground:ForegroundInfo{mForegroundPackageName='com.miui.home', mForegroundUid=10133, mForegroundPid=4502, 
mLastForegroundPackageName='com.nhimz.vocabmaster', mLastForegroundUid=10401, mLastForegroundPid=32194, 
mMultiWindowForegroundPackageName='com.miui.home', mMultiWindowForegroundUid=10133, mFlags=0}
07-10 21:03:55.440  7006  9425 I BeautyService: onForegroundInfoChanged: Cur=com.miui.home	 last=com.nhimz.vocabmaster
07-10 21:03:55.493  9677  9677 D AppLifecycleObserver: onReceive: com.nhimz.vocabmaster BACKGROUND
07-10 21:03:55.493  9677  9677 I GameEventTag: notify failed, pkg=com.nhimz.vocabmaster event=5 version not match
07-10 21:03:55.494  9677  9677 D PkgUtils: getApplicationInfo packageName:com.nhimz.vocabmaster, flags:128 
applicationInfo:ApplicationInfo{2273afd com.nhimz.vocabmaster} needSecondSpace:false
07-10 21:03:55.529  4502  5064 E ActivityManagerWrapper: getRecentTasks: mainTaskId=9906   userId=0   
baseIntent=Intent { act=android.intent.action.MAIN flag=270532608 
cmp=ComponentInfo{com.nhimz.vocabmaster/com.nhimz.vocabmaster.MainActivity} }
07-10 21:03:55.618  4502  5064 E ActivityManagerWrapper: getRecentTasks: mainTaskId=9906   userId=0   
baseIntent=Intent { act=android.intent.action.MAIN flag=270532608 
cmp=ComponentInfo{com.nhimz.vocabmaster/com.nhimz.vocabmaster.MainActivity} }
07-10 21:03:55.820  4502  4502 D RecentsContainer: removeTask: [TaskKey{id=9906, stackId=0, baseIntent=Intent { 
act=android.intent.action.MAIN cat=[android.intent.category.LAUNCHER] flg=0x10200000 
cmp=com.nhimz.vocabmaster/.MainActivity }, userId=0, lastActiveTime=98852212, windowingMode=1, isThumbnailBlur=false, 
isScreening=false, topActivity=ComponentInfo{com.nhimz.vocabmaster/com.nhimz.vocabmaster.MainActivity}, 
mHashCode=296033198}, title=Vocab Master, titleDescription=Vocab Master, bounds=null, isLaunchTarget=true, 
isStackTask=true, isSystemApp=false, isDockable=true, 
baseActivity=ComponentInfo{com.nhimz.vocabmaster/com.nhimz.vocabmaster.MainActivity}, isLocked=false, 
isAccessLocked=false, mNeedHide=false] 
07-10 21:03:55.826  2556  3056 D WindowProcessUtils: remove task: Task{2dca8d3 #9906 type=standard 
A=10401:com.nhimz.vocabmaster U=0 visible=false visibleRequested=false mode=fullscreen translucent=true sz=2}
07-10 21:03:55.832  2556  3056 I ProcessSceneCleaner: SwipeUpClean: kill procName=com.nhimz.vocabmaster info=AS:90519
07-10 21:03:55.833  2556  3056 I ActivityManager: Killing 32194:com.nhimz.vocabmaster/u0a401 (adj 905): SwipeUpClean
07-10 21:03:55.834  2556  3056 I SmartPower.com.nhimz.vocabmaster/10401(32194): background->died(411ms) R(process died 
) adj=905.
07-10 21:03:55.834  2556  3733 I SmartPower: com.nhimz.vocabmaster/10401 state=inactive adj=905 proc size=1 move to 
died process died 
07-10 21:03:55.905  2556  3336 I WindowManager: WIN DEATH: Window{b5b0546 u0 
com.nhimz.vocabmaster/com.nhimz.vocabmaster.MainActivity}
07-10 21:03:55.906  2556  3336 W InputManager-JNI: Input channel object 'b5b0546 
com.nhimz.vocabmaster/com.nhimz.vocabmaster.MainActivity (client)' was disposed without first being removed with the 
input manager!
07-10 21:03:55.910  2556  4567 W InputManager-JNI: Input channel object '7b1537f 
com.nhimz.vocabmaster/com.nhimz.vocabmaster.MainActivity (client)' was disposed without first being removed with the 
input manager!
07-10 21:03:55.911  9677  9677 D AppLifecycleObserver: onReceive: com.nhimz.vocabmaster DESTROY
07-10 21:03:55.911  2556  2750 W UsageStatsService: Unexpected activity event reported! 
(com.nhimz.vocabmaster/com.nhimz.vocabmaster.MainActivity event : 23 instanceId : 158483209)
07-10 21:03:55.912  9677  9677 D PkgUtils: getApplicationInfo packageName:com.nhimz.vocabmaster, flags:128 
applicationInfo:ApplicationInfo{2273afd com.nhimz.vocabmaster} needSecondSpace:false
07-10 21:03:55.916  2556  2750 W UsageStatsService: Unexpected activity event reported! 
(com.nhimz.vocabmaster/com.nhimz.vocabmaster.MainActivity event : 23 instanceId : 104438407)
07-10 21:03:56.531  4502  4502 D Launcher.CellLayout: touch item:ShortcutInfo, id=336, itemType=0, user=UserHandle{0}, 
mIconType=0, pkgName=com.nhimz.vocabmaster, className=com.nhimz.vocabmaster.MainActivity, screenId=3, container=-100, 
cellX=0, cellY=4, spanX=1, spanY=1
07-10 21:03:56.618  2556  8073 I ActivityTaskManager: START u0 {act=android.intent.action.MAIN 
cat=[android.intent.category.LAUNCHER] flg=0x10200000 cmp=com.nhimz.vocabmaster/.MainActivity 
bnds=[108,1792][335,2019] (has extras)} from uid 10133 from pid 4502 callingPackage com.miui.home
07-10 21:03:56.621  2556  8073 D MiGgameTypeIdentificationImpl: checkIfGameBeSupported app:com.nhimz.vocabmaster
07-10 21:03:56.621  2556  8073 I WindowManager: When perf version exceed 2.3, MiGTStub result: false, gameType: 1, 
packageName: com.nhimz.vocabmaster
07-10 21:03:56.621  2556  8073 D MiGgameTypeIdentificationImpl: checkIfGameBeSupported app:com.nhimz.vocabmaster
07-10 21:03:56.648  4502  5064 E ActivityManagerWrapper: getRecentTasks: mainTaskId=9908   userId=0   
baseIntent=Intent { act=android.intent.action.MAIN flag=270532608 
cmp=ComponentInfo{com.nhimz.vocabmaster/com.nhimz.vocabmaster.MainActivity} }
07-10 21:03:56.648  2556  2753 D Boost   : hostingType=next-top-activity, 
hostingName={com.nhimz.vocabmaster/com.nhimz.vocabmaster.MainActivity}, callerPackage=com.miui.home, isSystem=true, 
isBoostNeeded=false.
07-10 21:03:56.649  2556  2753 I ActivityManager: Start proc 9052:com.nhimz.vocabmaster/u0a401 for next-top-activity 
{com.nhimz.vocabmaster/com.nhimz.vocabmaster.MainActivity} caller=com.miui.home
07-10 21:03:56.650  2556  8073 D CoreBackPreview: Window{5932c7d u0 Splash Screen com.nhimz.vocabmaster}: Setting back 
callback OnBackInvokedCallbackInfo{mCallback=android.window.IOnBackInvokedCallback$Stub$Proxy@5c76840, mPriority=0}
07-10 21:03:56.666  6792 11497 W SQLiteLog: (28) double-quoted string literal: "com.nhimz.vocabmaster"
07-10 21:03:56.681  2556  2742 I SmartPower.com.nhimz.vocabmaster/10401(0): died->visible(846ms) R(become visible) 
adj=-10000.
07-10 21:03:56.681  2556  3733 I SmartPower: com.nhimz.vocabmaster/10401 state=died adj=905 proc size=1 move to 
foreground become visible
07-10 21:03:56.689  4502  5064 E ActivityManagerWrapper: getRecentTasks: mainTaskId=9908   userId=0   
baseIntent=Intent { act=android.intent.action.MAIN flag=270532608 
cmp=ComponentInfo{com.nhimz.vocabmaster/com.nhimz.vocabmaster.MainActivity} }
07-10 21:03:56.740  8759 10052 D GreenifyCheckerStatsd: onForegroundInfoChanged: com.nhimz.vocabmaster
07-10 21:03:56.740  8759  9004 D LS-ForegroundStatusManager: handleMessage ForegroundInfoChanged. pkg = 
com.nhimz.vocabmaster, uid = 10401, mCurrentForegroundUid = 10133
07-10 21:03:56.741  8759 10052 D PerfEngineController: ForegroundInfo{mForegroundPackageName='com.nhimz.vocabmaster', 
mForegroundUid=10401, mForegroundPid=9052, mLastForegroundPackageName='com.miui.home', mLastForegroundUid=10133, 
mLastForegroundPid=4502, mMultiWindowForegroundPackageName='com.nhimz.vocabmaster', mMultiWindowForegroundUid=10401, 
mFlags=1}
07-10 21:03:56.741  7006 15726 I ProcessMonitor: onForegroundInfoChanged: 
ForegroundInfo{mForegroundPackageName='com.nhimz.vocabmaster', mForegroundUid=10401, mForegroundPid=9052, 
mLastForegroundPackageName='com.miui.home', mLastForegroundUid=10133, mLastForegroundPid=4502, 
mMultiWindowForegroundPackageName='com.nhimz.vocabmaster', mMultiWindowForegroundUid=10401, mFlags=1}
07-10 21:03:56.744  4502 10246 D AppObserver: ForegroundInfo{mForegroundPackageName='com.nhimz.vocabmaster', 
mForegroundUid=10401, mForegroundPid=9052, mLastForegroundPackageName='com.miui.home', mLastForegroundUid=10133, 
mLastForegroundPid=4502, mMultiWindowForegroundPackageName='com.nhimz.vocabmaster', mMultiWindowForegroundUid=10401, 
mFlags=1}
07-10 21:03:56.745  7006 15726 I GameBoosterService: onForegroundInfoChanged: Cur=com.nhimz.vocabmaster	 
last=com.miui.home
07-10 21:03:56.747  7006 15726 D GameBoosterService: onGameStatusChange 
foreground:ForegroundInfo{mForegroundPackageName='com.nhimz.vocabmaster', mForegroundUid=10401, mForegroundPid=9052, 
mLastForegroundPackageName='com.miui.home', mLastForegroundUid=10133, mLastForegroundPid=4502, 
mMultiWindowForegroundPackageName='com.nhimz.vocabmaster', mMultiWindowForegroundUid=10401, mFlags=1}
07-10 21:03:56.748  9677  9677 D AppLifecycleObserver: onReceive: com.nhimz.vocabmaster FOREGROUND
07-10 21:03:56.748  9677  9677 I GameEventTag: notify failed, pkg=com.nhimz.vocabmaster event=3 version not match
07-10 21:03:56.748  7006  8698 E SuggestManager: openApp name = com.nhimz.vocabmaster
07-10 21:03:56.755  9677  9677 D PkgUtils: getApplicationInfo packageName:com.nhimz.vocabmaster, flags:128 
applicationInfo:ApplicationInfo{2273afd com.nhimz.vocabmaster} needSecondSpace:false
07-10 21:03:56.759  4502  5064 W RecentsModel: getRunningTask   taskInfo=TaskInfo{userId=0 taskId=9908 displayId=0 
isRunning=true baseIntent=Intent { act=android.intent.action.MAIN cat=[android.intent.category.LAUNCHER] 
flg=0x10200000 cmp=com.nhimz.vocabmaster/.MainActivity } 
baseActivity=ComponentInfo{com.nhimz.vocabmaster/com.nhimz.vocabmaster.MainActivity} 
topActivity=ComponentInfo{com.nhimz.vocabmaster/com.nhimz.vocabmaster.MainActivity} origActivity=null 
realActivity=ComponentInfo{com.nhimz.vocabmaster/com.nhimz.vocabmaster.MainActivity} numActivities=1 
lastActiveTime=98855875 supportsSplitScreenMultiWindow=true supportsMultiWindow=true resizeMode=1 isResizeable=true 
minWidth=-1 minHeight=-1 defaultMinSize=200 token=WCT{android.window.IWindowContainerToken$Stub$Proxy@229a97c} 
topActivityType=1 pictureInPictureParams=null shouldDockBigOverlays=false launchIntoPipHostTaskId=0 
displayCutoutSafeInsets=Rect(0, 108 - 0, 0) topActivityInfo=ActivityInfo{f492205 com.nhimz.vocabmaster.MainActivity} 
launchCookies=[] positionInParent=Point(0, 0) parentTaskId=-1 isFocused=true isVisible=true isSleeping=false 
topActivityInSizeCompat=false topActivityInMiuiSizeCompat=false topActivityEligibleForLetterboxEducation= false 
locusId=null displayAreaFeatureId=1 cameraCompatControlState=hidden mIsCastMode=false}
07-10 21:03:56.759  4502  5064 W RecentsModel: getTaskInfoIgnoreHomeAndFreeform   
taskInfo=ComponentInfo{com.nhimz.vocabmaster/com.nhimz.vocabmaster.MainActivity}
07-10 21:03:56.763  7006 15726 I BeautyService: onForegroundInfoChanged: Cur=com.nhimz.vocabmaster	 last=com.miui.home
07-10 21:03:56.769  9052  9052 V GraphicsEnvironment: ANGLE Developer option for 'com.nhimz.vocabmaster' set to: 
'default'
07-10 21:03:56.769  9052  9052 V GraphicsEnvironment: ANGLE GameManagerService for com.nhimz.vocabmaster: false
07-10 21:03:56.771  4502  5064 E ActivityManagerWrapper: getRecentTasks: mainTaskId=9908   userId=0   
baseIntent=Intent { act=android.intent.action.MAIN flag=270532608 
cmp=ComponentInfo{com.nhimz.vocabmaster/com.nhimz.vocabmaster.MainActivity} }
07-10 21:03:56.773  9052  9052 I ForceDarkHelperStubImpl: initialize for com.nhimz.vocabmaster , ForceDarkOrigin
07-10 21:03:56.794  4502  5064 W RecentsModel: getRunningTask   taskInfo=TaskInfo{userId=0 taskId=9908 displayId=0 
isRunning=true baseIntent=Intent { act=android.intent.action.MAIN cat=[android.intent.category.LAUNCHER] 
flg=0x10200000 cmp=com.nhimz.vocabmaster/.MainActivity } 
baseActivity=ComponentInfo{com.nhimz.vocabmaster/com.nhimz.vocabmaster.MainActivity} 
topActivity=ComponentInfo{com.nhimz.vocabmaster/com.nhimz.vocabmaster.MainActivity} origActivity=null 
realActivity=ComponentInfo{com.nhimz.vocabmaster/com.nhimz.vocabmaster.MainActivity} numActivities=1 
lastActiveTime=98855925 supportsSplitScreenMultiWindow=true supportsMultiWindow=true resizeMode=1 isResizeable=true 
minWidth=-1 minHeight=-1 defaultMinSize=200 token=WCT{android.window.IWindowContainerToken$Stub$Proxy@87c0c8b} 
topActivityType=1 pictureInPictureParams=null shouldDockBigOverlays=false launchIntoPipHostTaskId=0 
displayCutoutSafeInsets=Rect(0, 108 - 0, 0) topActivityInfo=ActivityInfo{725e168 com.nhimz.vocabmaster.MainActivity} 
launchCookies=[] positionInParent=Point(0, 0) parentTaskId=-1 isFocused=true isVisible=true isSleeping=false 
topActivityInSizeCompat=false topActivityInMiuiSizeCompat=false topActivityEligibleForLetterboxEducation= false 
locusId=null displayAreaFeatureId=1 cameraCompatControlState=hidden mIsCastMode=false}
07-10 21:03:56.794  4502  5064 W RecentsModel: getTaskInfoIgnoreHomeAndFreeform   
taskInfo=ComponentInfo{com.nhimz.vocabmaster/com.nhimz.vocabmaster.MainActivity}
07-10 21:03:56.801  4502  5064 E ActivityManagerWrapper: getRecentTasks: mainTaskId=9908   userId=0   
baseIntent=Intent { act=android.intent.action.MAIN flag=270532608 
cmp=ComponentInfo{com.nhimz.vocabmaster/com.nhimz.vocabmaster.MainActivity} }
07-10 21:03:56.803  2556  8073 I AppsFilter: interaction: PackageSetting{43139e3 com.nhimz.vocabmaster/10401} -> 
PackageSetting{e3cbcee com.google.android.tts/10402} BLOCKED
07-10 21:03:56.803  2556  8068 I AppsFilter: interaction: PackageSetting{43139e3 com.nhimz.vocabmaster/10401} -> 
PackageSetting{f304c0f com.xiaomi.mibrain.speech/10234} BLOCKED
07-10 21:03:56.803  2556  8068 I AppsFilter: interaction: PackageSetting{43139e3 com.nhimz.vocabmaster/10401} -> 
PackageSetting{e3cbcee com.google.android.tts/10402} BLOCKED
07-10 21:03:56.803  2556  7106 I AppsFilter: interaction: PackageSetting{43139e3 com.nhimz.vocabmaster/10401} -> 
PackageSetting{f304c0f com.xiaomi.mibrain.speech/10234} BLOCKED
07-10 21:03:56.803  2556  7106 I AppsFilter: interaction: PackageSetting{43139e3 com.nhimz.vocabmaster/10401} -> 
PackageSetting{e3cbcee com.google.android.tts/10402} BLOCKED
07-10 21:03:56.804  9052  9052 W imz.vocabmaster: type=1400 audit(0.0:184155): avc: denied { read } for 
name="u:object_r:vendor_displayfeature_prop:s0" dev="tmpfs" ino=388 scontext=u:r:untrusted_app:s0:c145,c257,c512,c768 
tcontext=u:object_r:vendor_displayfeature_prop:s0 tclass=file permissive=0 app=com.nhimz.vocabmaster
07-10 21:03:56.846  2556  8068 D CoreBackPreview: Window{cfe56d2 u0 
com.nhimz.vocabmaster/com.nhimz.vocabmaster.MainActivity}: Setting back callback 
OnBackInvokedCallbackInfo{mCallback=android.window.IOnBackInvokedCallback$Stub$Proxy@5470e1e, mPriority=0}
07-10 21:03:56.848  7389 31253 I XMSF-actMonitor_MonitorManager: onActivityResumed: 
ActivityInfo{name='com.nhimz.vocabmaster.MainActivity', pkg='com.nhimz.vocabmaster', callerPkg='com.miui.home', 
windowMode=-1, displayId=-1, appBounds=Rect(0, 108 - 1440, 3144), duration=-1},activityInfoQueue:30,curMonitorStrategy=
07-10 21:03:56.848 10543 10801 D auth    : [XMS][Auth] ActivityObserver activityResumed packageName: 
com.nhimz.vocabmaster
07-10 21:03:56.848  4502  4502 D RecentsImpl: mActivityStateObserver com.nhimz.vocabmaster.MainActivity
07-10 21:03:56.849  4502  4502 W RecentsImpl: onResumed className=com.nhimz.vocabmaster.MainActivity   
mIsInAnotherPro=false   isKeyguardLocked=false   mSecuritySpaceGuideShown=false
07-10 21:03:56.849  9677  9695 D services: [XMS][observer] ActivityObserver activityResumed packageName: 
com.nhimz.vocabmaster
07-10 21:03:56.940  2556  8073 D WindowManager: Input focus has changed to Window{cfe56d2 u0 
com.nhimz.vocabmaster/com.nhimz.vocabmaster.MainActivity} display=0
07-10 21:03:56.944  1547  1827 I SurfaceFlinger: setTransactionState focusRequest transactionId:10977936614290 
frontWin:cfe56d2 com.nhimz.vocabmaster/com.nhimz.vocabmaster.MainActivity
07-10 21:03:56.995  2556  8068 D MiuiFreeFormGesturePointerEventListener: finishDrawingWindow: topFullScreenWindow= 
Window{cfe56d2 u0 com.nhimz.vocabmaster/com.nhimz.vocabmaster.MainActivity}
07-10 21:03:57.002  2556  2738 I ActivityTaskManager: Displayed com.nhimz.vocabmaster/.MainActivity: +381ms
07-10 21:03:57.030 15617 15617 I GoogleInputMethodService: GoogleInputMethodService.onStartInput():1460 
onStartInput(EditorInfo{EditorInfo{packageName=com.nhimz.vocabmaster, inputType=0, inputTypeString=NULL, 
enableLearning=false, autoCorrection=false, autoComplete=false, imeOptions=0, privateImeOptions=null, 
actionName=UNSPECIFIED, actionLabel=null, initialSelStart=-1, initialSelEnd=-1, initialCapsMode=0, label=null, 
fieldId=-1, fieldName=null, extras=Bundle[mParcelledData.dataSize=72], hintText=null, hintLocales=[]}}, false)
07-10 21:03:57.332  4446  4727 W RenderInspector: DequeueBuffer time out on Splash Screen com.nhimz.vocabmaster, 
count=1, avg=11 ms, max=11 ms.
07-10 21:03:57.371  2556  4567 D CoreBackPreview: Window{5932c7d u0 Splash Screen com.nhimz.vocabmaster EXITING}: 
Setting back callback null
07-10 21:03:57.372  2556  7106 W InputManager-JNI: Input channel object '5932c7d Splash Screen com.nhimz.vocabmaster 
(client)' was disposed without first being removed with the input manager!
07-10 21:03:57.942  8759  9021 I DisplayFrameSetting: homeToAppEnd pkg=com.nhimz.vocabmaster
07-10 21:03:58.815  2556  3388 D MIUIInput: [MotionEvent] publisher action=0x0, 48553933, channel 'cfe56d2 
com.nhimz.vocabmaster/com.nhimz.vocabmaster.MainActivity (server)'
07-10 21:03:58.890  2556  3388 D MIUIInput: [MotionEvent] publisher action=0x1, 48554011, channel 'cfe56d2 
com.nhimz.vocabmaster/com.nhimz.vocabmaster.MainActivity (server)'
07-10 21:03:59.758  7006  8704 D AppPredictService: start doPredict com.nhimz.vocabmaster
07-10 21:03:59.864  2556  3388 D MIUIInput: [MotionEvent] publisher action=0x0, 48554982, channel 'cfe56d2 
com.nhimz.vocabmaster/com.nhimz.vocabmaster.MainActivity (server)'
07-10 21:03:59.956  2556  3388 D MIUIInput: [MotionEvent] publisher action=0x1, 48555077, channel 'cfe56d2 
com.nhimz.vocabmaster/com.nhimz.vocabmaster.MainActivity (server)'
07-10 21:04:00.934  2556  3388 D MIUIInput: [MotionEvent] publisher action=0x0, 48556054, channel 'cfe56d2 
com.nhimz.vocabmaster/com.nhimz.vocabmaster.MainActivity (server)'
07-10 21:04:01.017  2556  3388 D MIUIInput: [MotionEvent] publisher action=0x1, 48556137, channel 'cfe56d2 
com.nhimz.vocabmaster/com.nhimz.vocabmaster.MainActivity (server)'
07-10 21:04:01.125  2556  3388 D MIUIInput: [MotionEvent] publisher action=0x0, 48556246, channel 'cfe56d2 
com.nhimz.vocabmaster/com.nhimz.vocabmaster.MainActivity (server)'
07-10 21:04:01.196  2556  3388 D MIUIInput: [MotionEvent] publisher action=0x1, 48556315, channel 'cfe56d2 
com.nhimz.vocabmaster/com.nhimz.vocabmaster.MainActivity (server)'
07-10 21:04:01.321  2556  3388 D MIUIInput: [MotionEvent] publisher action=0x0, 48556442, channel 'cfe56d2 
com.nhimz.vocabmaster/com.nhimz.vocabmaster.MainActivity (server)'
07-10 21:04:01.369  2556  3388 D MIUIInput: [MotionEvent] publisher action=0x1, 48556490, channel 'cfe56d2 
com.nhimz.vocabmaster/com.nhimz.vocabmaster.MainActivity (server)'
07-10 21:04:01.507  2556  3388 D MIUIInput: [MotionEvent] publisher action=0x0, 48556627, channel 'cfe56d2 
com.nhimz.vocabmaster/com.nhimz.vocabmaster.MainActivity (server)'
07-10 21:04:01.569  2556  3388 D MIUIInput: [MotionEvent] publisher action=0x1, 48556689, channel 'cfe56d2 
com.nhimz.vocabmaster/com.nhimz.vocabmaster.MainActivity (server)'
07-10 21:04:01.704  2556  3388 D MIUIInput: [MotionEvent] publisher action=0x0, 48556824, channel 'cfe56d2 
com.nhimz.vocabmaster/com.nhimz.vocabmaster.MainActivity (server)'
07-10 21:04:01.803  2556  3388 D MIUIInput: [MotionEvent] publisher action=0x1, 48556925, channel 'cfe56d2 
com.nhimz.vocabmaster/com.nhimz.vocabmaster.MainActivity (server)'
07-10 21:04:01.911  2556  3388 D MIUIInput: [MotionEvent] publisher action=0x0, 48557032, channel 'cfe56d2 
com.nhimz.vocabmaster/com.nhimz.vocabmaster.MainActivity (server)'
07-10 21:04:01.991  9052  9412 D ProfileInstaller: Installing profile for com.nhimz.vocabmaster
07-10 21:04:01.992  2556  3388 D MIUIInput: [MotionEvent] publisher action=0x1, 48557113, channel 'cfe56d2 
com.nhimz.vocabmaster/com.nhimz.vocabmaster.MainActivity (server)'
07-10 21:04:02.107  2556  3388 D MIUIInput: [MotionEvent] publisher action=0x0, 48557226, channel 'cfe56d2 
com.nhimz.vocabmaster/com.nhimz.vocabmaster.MainActivity (server)'
07-10 21:04:02.200  2556  3388 D MIUIInput: [MotionEvent] publisher action=0x1, 48557320, channel 'cfe56d2 
com.nhimz.vocabmaster/com.nhimz.vocabmaster.MainActivity (server)'
07-10 21:04:02.345  2556  3388 D MIUIInput: [MotionEvent] publisher action=0x0, 48557466, channel 'cfe56d2 
com.nhimz.vocabmaster/com.nhimz.vocabmaster.MainActivity (server)'
07-10 21:04:02.427  2556  3388 D MIUIInput: [MotionEvent] publisher action=0x1, 48557547, channel 'cfe56d2 
com.nhimz.vocabmaster/com.nhimz.vocabmaster.MainActivity (server)'
07-10 21:04:02.574  2556  3388 D MIUIInput: [MotionEvent] publisher action=0x0, 48557694, channel 'cfe56d2 
com.nhimz.vocabmaster/com.nhimz.vocabmaster.MainActivity (server)'
07-10 21:04:02.663  2556  3388 D MIUIInput: [MotionEvent] publisher action=0x1, 48557777, channel 'cfe56d2 
com.nhimz.vocabmaster/com.nhimz.vocabmaster.MainActivity (server)'
07-10 21:04:02.737  1531 11224 D MiAudioPolicyManager: getPackageName: com.nhimz.vocabmaster  uid 10401
07-10 21:04:02.747  1531 11224 I AudioFlinger: create audiotrack for com.nhimz.vocabmaster  uid 10401
07-10 21:04:02.751  1531 11224 I AF::Track: isInWhiteList curPkgName com.nhimz.vocabmaster  uid 10401
07-10 21:04:02.760  9052  9052 I AudioTrack: AudioTrack::setVolume L:0.316228 R:0.316228 and the pakage is 
com.nhimz.vocabmaster
07-10 21:04:02.768  2556  3388 D MIUIInput: [MotionEvent] publisher action=0x0, 48557889, channel 'cfe56d2 
com.nhimz.vocabmaster/com.nhimz.vocabmaster.MainActivity (server)'
07-10 21:04:02.817  9052  9052 F imz.vocabmaster: java_vm_ext.cc:594]   at void 
com.nhimz.vocabmaster.ui.util.FeedbackHelper.vibrateIncorrect(android.content.Context) (FeedbackHelper.kt:72)
07-10 21:04:02.817  9052  9052 F imz.vocabmaster: java_vm_ext.cc:594]   at void 
com.nhimz.vocabmaster.ui.screens.FirstWinScreenKt.FirstWinScreen$handleAnswer(java.util.List, android.content.Context, 
androidx.compose.runtime.MutableState, androidx.compose.runtime.MutableState, int) (FirstWinScreen.kt:80)
07-10 21:04:02.817  9052  9052 F imz.vocabmaster: java_vm_ext.cc:594]   at kotlin.Unit 
com.nhimz.vocabmaster.ui.screens.FirstWinScreenKt.FirstWinScreen$lambda$7$2$0$1$0$0(int, java.util.List, 
android.content.Context, androidx.compose.runtime.MutableState, androidx.compose.runtime.MutableState) 
(FirstWinScreen.kt:264)
07-10 21:04:02.817  9052  9052 F imz.vocabmaster: java_vm_ext.cc:594]   at kotlin.Unit 
com.nhimz.vocabmaster.ui.screens.FirstWinScreenKt.$r8$lambda$ZSqi01aRWl8tI5joUEZqwM6GCP0(int, java.util.List, 
android.content.Context, androidx.compose.runtime.MutableState, androidx.compose.runtime.MutableState) 
(FirstWinScreen.kt:-1)
07-10 21:04:02.817  9052  9052 F imz.vocabmaster: java_vm_ext.cc:594]   at java.lang.Object 
com.nhimz.vocabmaster.ui.screens.FirstWinScreenKt$$ExternalSyntheticLambda5.invoke() (D8$$SyntheticClass:0)
07-10 21:04:02.867  2556  3388 D MIUIInput: [MotionEvent] publisher action=0x1, 48557989, channel 'cfe56d2 
com.nhimz.vocabmaster/com.nhimz.vocabmaster.MainActivity (server)'
07-10 21:04:02.943  9052  9052 F imz.vocabmaster: runtime.cc:675]   at void 
com.nhimz.vocabmaster.ui.util.FeedbackHelper.vibrateIncorrect(android.content.Context) (FeedbackHelper.kt:72)
07-10 21:04:02.943  9052  9052 F imz.vocabmaster: runtime.cc:675]   at void 
com.nhimz.vocabmaster.ui.screens.FirstWinScreenKt.FirstWinScreen$handleAnswer(java.util.List, android.content.Context, 
androidx.compose.runtime.MutableState, androidx.compose.runtime.MutableState, int) (FirstWinScreen.kt:80)
07-10 21:04:02.943  9052  9052 F imz.vocabmaster: runtime.cc:675]   at kotlin.Unit 
com.nhimz.vocabmaster.ui.screens.FirstWinScreenKt.FirstWinScreen$lambda$7$2$0$1$0$0(int, java.util.List, 
android.content.Context, androidx.compose.runtime.MutableState, androidx.compose.runtime.MutableState) 
(FirstWinScreen.kt:264)
07-10 21:04:02.943  9052  9052 F imz.vocabmaster: runtime.cc:675]   at kotlin.Unit 
com.nhimz.vocabmaster.ui.screens.FirstWinScreenKt.$r8$lambda$ZSqi01aRWl8tI5joUEZqwM6GCP0(int, java.util.List, 
android.content.Context, androidx.compose.runtime.MutableState, androidx.compose.runtime.MutableState) 
(FirstWinScreen.kt:-1)
07-10 21:04:02.943  9052  9052 F imz.vocabmaster: runtime.cc:675]   at java.lang.Object 
com.nhimz.vocabmaster.ui.screens.FirstWinScreenKt$$ExternalSyntheticLambda5.invoke() (D8$$SyntheticClass:0)
07-10 21:04:02.943  9052  9052 F imz.vocabmaster: runtime.cc:683]   at void 
com.nhimz.vocabmaster.ui.util.FeedbackHelper.vibrateIncorrect(android.content.Context) (FeedbackHelper.kt:72)
07-10 21:04:02.943  9052  9052 F imz.vocabmaster: runtime.cc:683]   at void 
com.nhimz.vocabmaster.ui.screens.FirstWinScreenKt.FirstWinScreen$handleAnswer(java.util.List, android.content.Context, 
androidx.compose.runtime.MutableState, androidx.compose.runtime.MutableState, int) (FirstWinScreen.kt:80)
07-10 21:04:02.943  9052  9052 F imz.vocabmaster: runtime.cc:683]   at kotlin.Unit 
com.nhimz.vocabmaster.ui.screens.FirstWinScreenKt.FirstWinScreen$lambda$7$2$0$1$0$0(int, java.util.List, 
android.content.Context, androidx.compose.runtime.MutableState, androidx.compose.runtime.MutableState) 
(FirstWinScreen.kt:264)
07-10 21:04:02.943  9052  9052 F imz.vocabmaster: runtime.cc:683]   at kotlin.Unit 
com.nhimz.vocabmaster.ui.screens.FirstWinScreenKt.$r8$lambda$ZSqi01aRWl8tI5joUEZqwM6GCP0(int, java.util.List, 
android.content.Context, androidx.compose.runtime.MutableState, androidx.compose.runtime.MutableState) 
(FirstWinScreen.kt:-1)
07-10 21:04:02.943  9052  9052 F imz.vocabmaster: runtime.cc:683]   at java.lang.Object 
com.nhimz.vocabmaster.ui.screens.FirstWinScreenKt$$ExternalSyntheticLambda5.invoke() (D8$$SyntheticClass:0)
07-10 21:04:03.005  2556  3388 D MIUIInput: [MotionEvent] publisher action=0x0, 48558125, channel 'cfe56d2 
com.nhimz.vocabmaster/com.nhimz.vocabmaster.MainActivity (server)'
07-10 21:04:03.117  2556  3388 D MIUIInput: [MotionEvent] publisher action=0x1, 48558238, channel 'cfe56d2 
com.nhimz.vocabmaster/com.nhimz.vocabmaster.MainActivity (server)'
07-10 21:04:03.807  9417  9417 F DEBUG   : Cmdline: com.nhimz.vocabmaster
07-10 21:04:03.807  9417  9417 F DEBUG   : pid: 9052, tid: 9052, name: imz.vocabmaster  >>> com.nhimz.vocabmaster <<<
07-10 21:04:03.808  9417  9417 F DEBUG   :   at void 
com.nhimz.vocabmaster.ui.util.FeedbackHelper.vibrateIncorrect(android.content.Context) (FeedbackHelper.kt:72)
07-10 21:04:03.808  9417  9417 F DEBUG   :   at void 
com.nhimz.vocabmaster.ui.screens.FirstWinScreenKt.FirstWinScreen$handleAnswer(java.util.List, android.content.Context, 
androidx.compose.runtime.MutableState, androidx.compose.runtime.MutableState, int) (FirstWinScreen.kt:80)
07-10 21:04:03.808  9417  9417 F DEBUG   :   at kotlin.Unit 
com.nhimz.vocabmaster.ui.screens.FirstWinScreenKt.FirstWinScreen$lambda$7$2$0$1$0$0(int, java.util.List, 
android.content.Context, androidx.compose.runtime.MutableState, androidx.compose.runtime.MutableState) 
(FirstWinScreen.kt:264)
07-10 21:04:03.808  9417  9417 F DEBUG   :   at kotlin.Unit 
com.nhimz.vocabmaster.ui.screens.FirstWinScreenKt.$r8$lambda$ZSqi01aRWl8tI5joUEZqwM6GCP0(int, java.util.List, 
android.content.Context, androidx.compose.runtime.MutableState, androidx.compose.runtime.MutableState) 
(FirstWinScreen.kt:-1)
07-10 21:04:03.808  9417  9417 F DEBUG   :   at java.lang.Object 
com.nhimz.vocabmaster.ui.screens.FirstWinScreenKt$$ExternalSyntheticLambda5.invoke() (D8$$SyntheticClass:0)
07-10 21:04:03.833  2556  9433 W ActivityTaskManager:   Force finishing activity com.nhimz.vocabmaster/.MainActivity
07-10 21:04:03.882  2556  2677 I WindowManager: WIN DEATH: Window{cfe56d2 u0 
com.nhimz.vocabmaster/com.nhimz.vocabmaster.MainActivity}
07-10 21:04:03.882  2556  2677 W InputManager-JNI: Input channel object 'cfe56d2 
com.nhimz.vocabmaster/com.nhimz.vocabmaster.MainActivity (client)' was disposed without first being removed with the 
input manager!
07-10 21:04:03.882  2556  9459 I SmartPower.com.nhimz.vocabmaster/10401(9052): visible->died(7202ms) R(process died ) 
adj=0.
07-10 21:04:03.882  2556  9459 I ActivityManager: Process com.nhimz.vocabmaster (pid 9052) has died: fg  TOP 
07-10 21:04:03.883  2556  3733 I SmartPower: com.nhimz.vocabmaster/10401 state=foreground adj=0 proc size=1 move to 
died process died 
07-10 21:04:03.887  9677  9677 D AppLifecycleObserver: onReceive: com.nhimz.vocabmaster DESTROY
07-10 21:04:03.888  9677  9677 D PkgUtils: getApplicationInfo packageName:com.nhimz.vocabmaster, flags:128 
applicationInfo:ApplicationInfo{2273afd com.nhimz.vocabmaster} needSecondSpace:false
07-10 21:04:03.904  8759  8900 I ThermalInfoCollector: collectForgroundAppsInfo: com.nhimz.vocabmaster
07-10 21:04:03.905  7006 31259 I ProcessMonitor: onForegroundInfoChanged: 
ForegroundInfo{mForegroundPackageName='com.miui.home', mForegroundUid=10133, mForegroundPid=4502, 
mLastForegroundPackageName='com.nhimz.vocabmaster', mLastForegroundUid=10401, mLastForegroundPid=9052, 
mMultiWindowForegroundPackageName='com.miui.home', mMultiWindowForegroundUid=10133, mFlags=0}
07-10 21:04:03.905  8759 10058 D PerfEngineController: ForegroundInfo{mForegroundPackageName='com.miui.home', 
mForegroundUid=10133, mForegroundPid=4502, mLastForegroundPackageName='com.nhimz.vocabmaster', 
mLastForegroundUid=10401, mLastForegroundPid=9052, mMultiWindowForegroundPackageName='com.miui.home', 
mMultiWindowForegroundUid=10133, mFlags=0}
07-10 21:04:03.907  7006 31259 I GameBoosterService: onForegroundInfoChanged: Cur=com.miui.home	 
last=com.nhimz.vocabmaster
07-10 21:04:03.907  4502 10246 D AppObserver: ForegroundInfo{mForegroundPackageName='com.miui.home', 
mForegroundUid=10133, mForegroundPid=4502, mLastForegroundPackageName='com.nhimz.vocabmaster', 
mLastForegroundUid=10401, mLastForegroundPid=9052, mMultiWindowForegroundPackageName='com.miui.home', 
mMultiWindowForegroundUid=10133, mFlags=0}
07-10 21:04:03.908  7006 31259 D GameBoosterService: onGameStatusChange 
foreground:ForegroundInfo{mForegroundPackageName='com.miui.home', mForegroundUid=10133, mForegroundPid=4502, 
mLastForegroundPackageName='com.nhimz.vocabmaster', mLastForegroundUid=10401, mLastForegroundPid=9052, 
mMultiWindowForegroundPackageName='com.miui.home', mMultiWindowForegroundUid=10133, mFlags=0}
07-10 21:04:03.913  7006 31259 I BeautyService: onForegroundInfoChanged: Cur=com.miui.home	 last=com.nhimz.vocabmaster
07-10 21:04:03.929  2556  2742 W WindowManager: Failed to deliver inset state change to w=Window{cfe56d2 u0 
com.nhimz.vocabmaster/com.nhimz.vocabmaster.MainActivity EXITING}
07-10 21:04:03.976  2556  2742 W WindowManager: Exception thrown during dispatchAppVisibility Window{cfe56d2 u0 
com.nhimz.vocabmaster/com.nhimz.vocabmaster.MainActivity EXITING}
07-10 21:04:04.014  4502  5064 E ActivityManagerWrapper: getRecentTasks: mainTaskId=9908   userId=0   
baseIntent=Intent { act=android.intent.action.MAIN flag=270532608 
cmp=ComponentInfo{com.nhimz.vocabmaster/com.nhimz.vocabmaster.MainActivity} }
07-10 21:04:04.078  4502  5064 E ActivityManagerWrapper: getRecentTasks: mainTaskId=9908   userId=0   
baseIntent=Intent { act=android.intent.action.MAIN flag=270532608 
cmp=ComponentInfo{com.nhimz.vocabmaster/com.nhimz.vocabmaster.MainActivity} }
07-10 21:04:04.334  2556  2741 W ActivityTaskManager: Activity top resumed state loss timeout for 
ActivityRecord{c12d83c u0 com.nhimz.vocabmaster/.MainActivity} t-1 f}}


