--------- beginning of system
07-10 21:06:16.818 E/MQSEventManagerDelegate(13934): failed to get MQSService.
07-10 21:06:16.819 W/MQSEventManagerDelegate(13934): registerApplicationScoutThread getMQSService null
07-10 21:06:16.819 W/ActivityThread(13934): registerApplicationScoutThread result:false
07-10 21:06:17.309 W/Looper  (13934): PerfMonitor looperActivity : package=com.nhimz.vocabmaster/.MainActivity time=112ms latency=362ms running=69ms  procState=-1  historyMsgCount=1 (msgIndex=1 wall=368ms seq=3 running=321ms runnable=28ms io=2ms reclaim=11ms h=android.app.ActivityThread$H w=110)
07-10 21:06:17.309 W/Looper  (13934): PerfMonitor looperActivity : package=com.nhimz.vocabmaster/.MainActivity time=0ms latency=474ms running=0ms  procState=-1  historyMsgCount=2 (msgIndex=1 wall=368ms seq=3 running=321ms runnable=28ms io=2ms reclaim=11ms h=android.app.ActivityThread$H w=110) (msgIndex=2 wall=112ms seq=4 running=69ms runnable=10ms io=3ms late=362ms h=android.app.ActivityThread$H w=159)
07-10 21:06:17.688 W/Looper  (13934): PerfMonitor doFrame : time=377ms vsyncFrame=0 latency=125ms procState=-1 historyMsgCount=5 (msgIndex=1 wall=368ms seq=3 running=321ms runnable=28ms io=2ms reclaim=11ms h=android.app.ActivityThread$H w=110) (msgIndex=2 wall=112ms seq=4 running=69ms runnable=10ms io=3ms late=362ms h=android.app.ActivityThread$H w=159)
07-10 21:06:17.693 W/Looper  (13934): PerfMonitor doFrame : time=0ms vsyncFrame=0 latency=342ms procState=-1 historyMsgCount=7 (msgIndex=1 wall=377ms seq=8 running=263ms runnable=14ms io=11ms late=125ms h=android.view.Choreographer$FrameHandler c=android.view.Choreographer$FrameDisplayEventReceiver)
--------- beginning of main
07-10 21:07:35.510 D/AudioTrack(13934): stop(sessionID=4313)
07-10 21:07:35.510 D/AudioTrack(13934): stop(295): prior state:STATE_ACTIVE
07-10 21:07:35.510 D/AudioTrack(13934): stop(295): called with 9792 frames delivered
07-10 21:07:38.532 D/AudioTrack(13934): start(295): prior state:STATE_STOPPED
07-10 21:07:38.793 D/AudioTrack(13934): stop(sessionID=4313)
07-10 21:07:38.793 D/AudioTrack(13934): stop(295): prior state:STATE_ACTIVE
07-10 21:07:38.793 D/AudioTrack(13934): stop(295): called with 7296 frames delivered
07-10 21:07:41.332 D/AudioTrack(13934): start(295): prior state:STATE_STOPPED
07-10 21:07:41.361 D/AudioTrack(13934): [audioTrackData][fine] 47s(f:47101 m:286 s:0 k:0) : pid 13934 uid 10403 sessionId 4313 sr 48000 ch 1 fmt 1
07-10 21:07:41.604 D/AudioTrack(13934): stop(sessionID=4313)
07-10 21:07:41.604 D/AudioTrack(13934): stop(295): prior state:STATE_ACTIVE
07-10 21:07:41.605 D/AudioTrack(13934): stop(295): called with 7296 frames delivered
07-10 21:07:44.226 D/AudioTrack(13934): start(295): prior state:STATE_STOPPED
07-10 21:07:44.495 D/AudioTrack(13934): stop(sessionID=4313)
07-10 21:07:44.495 D/AudioTrack(13934): stop(295): prior state:STATE_ACTIVE
07-10 21:07:44.495 D/AudioTrack(13934): stop(295): called with 7296 frames delivered
07-10 21:07:49.136 I/LongScreenshotUtils(13934):  focus:true
07-10 21:07:49.137 I/LongScreenshotUtils(13934): current ratio width:1.0, height:1.0
07-10 21:07:52.686 D/AudioTrack(13934): start(295): prior state:STATE_STOPPED
07-10 21:07:52.707 D/AudioTrack(13934): [audioTrackData][fine] 58s(f:58341 m:379 s:0 k:0) : pid 13934 uid 10403 sessionId 4313 sr 48000 ch 1 fmt 1
07-10 21:07:52.766 I/imz.vocabmaster(13934): This is sticky GC, maxfree is 8388608 minfree is 2097152
07-10 21:07:52.946 D/AudioTrack(13934): stop(sessionID=4313)
07-10 21:07:52.946 D/AudioTrack(13934): stop(295): prior state:STATE_ACTIVE
07-10 21:07:52.946 D/AudioTrack(13934): stop(295): called with 7296 frames delivered
07-10 21:07:56.782 D/AudioTrack(13934): start(295): prior state:STATE_STOPPED
07-10 21:07:57.057 D/AudioTrack(13934): stop(sessionID=4313)
07-10 21:07:57.057 D/AudioTrack(13934): stop(295): prior state:STATE_ACTIVE
07-10 21:07:57.057 D/AudioTrack(13934): stop(295): called with 7296 frames delivered
07-10 21:08:08.330 D/AudioTrack(13934): start(295): prior state:STATE_STOPPED
07-10 21:08:08.359 D/AudioTrack(13934): [audioTrackData][fine] 73s(f:73882 m:475 s:0 k:0) : pid 13934 uid 10403 sessionId 4313 sr 48000 ch 1 fmt 1
07-10 21:08:08.649 D/AudioTrack(13934): stop(sessionID=4313)
07-10 21:08:08.649 D/AudioTrack(13934): stop(295): prior state:STATE_ACTIVE
07-10 21:08:08.649 D/AudioTrack(13934): stop(295): called with 9792 frames delivered
07-10 21:08:36.083 I/imz.vocabmaster(13934): This is sticky GC, maxfree is 8388608 minfree is 2097152
07-10 21:08:36.269 I/imz.vocabmaster(13934): This is sticky GC, maxfree is 8388608 minfree is 2097152
07-10 21:08:40.185 W/imz.vocabmaster(13934): Accessing hidden method Landroid/view/ViewTreeObserver;->dispatchOnScrollChanged()V (unsupported, reflection, allowed)
07-10 21:08:40.437 D/CompatibilityChangeReporter(13934): Compat change id reported: 171228096; UID 10403; state: ENABLED
07-10 21:08:42.122 I/imz.vocabmaster(13934): This is sticky GC, maxfree is 8388608 minfree is 2097152
07-10 21:08:42.162 I/imz.vocabmaster(13934): This is sticky GC, maxfree is 8388608 minfree is 2097152
07-10 21:08:42.212 I/imz.vocabmaster(13934): This is non sticky GC, maxfree is 8388608 minfree is 2097152
07-10 21:08:44.322 I/imz.vocabmaster(13934): Compiler allocated 6693KB to compile void com.nhimz.vocabmaster.ui.screens.HomeScreenKt.HomeScreen(kotlin.jvm.functions.Function0, kotlin.jvm.functions.Function0, com.nhimz.vocabmaster.ui.viewmodel.MainViewModel, androidx.compose.runtime.Composer, int)
07-10 21:08:53.384 D/AudioTrack(13934): start(295): prior state:STATE_STOPPED
07-10 21:08:53.421 D/AudioTrack(13934): [audioTrackData][fine] 45s(f:45055 m:475 s:0 k:0) : pid 13934 uid 10403 sessionId 4313 sr 48000 ch 1 fmt 1
07-10 21:08:53.668 D/AudioTrack(13934): stop(sessionID=4313)
07-10 21:08:53.668 D/AudioTrack(13934): stop(295): prior state:STATE_ACTIVE
07-10 21:08:53.668 D/AudioTrack(13934): stop(295): called with 7296 frames delivered
07-10 21:08:54.781 D/AudioTrack(13934): start(295): prior state:STATE_STOPPED
07-10 21:08:54.983 D/AudioTrack(13934): stop(sessionID=4313)
07-10 21:08:54.983 D/AudioTrack(13934): stop(295): prior state:STATE_ACTIVE
07-10 21:08:54.983 D/AudioTrack(13934): stop(295): called with 7296 frames delivered
07-10 21:08:56.049 D/AudioTrack(13934): start(295): prior state:STATE_STOPPED
07-10 21:08:56.256 D/AudioTrack(13934): stop(sessionID=4313)
07-10 21:08:56.256 D/AudioTrack(13934): stop(295): prior state:STATE_ACTIVE
07-10 21:08:56.256 D/AudioTrack(13934): stop(295): called with 7296 frames delivered
07-10 21:08:57.999 D/AudioTrack(13934): start(295): prior state:STATE_STOPPED
07-10 21:08:58.122 I/imz.vocabmaster(13934): Compiler allocated 5677KB to compile void com.nhimz.vocabmaster.ui.screens.FlashcardScreenKt.FlashcardScreen(kotlin.jvm.functions.Function4, kotlin.jvm.functions.Function0, com.nhimz.vocabmaster.tts.TTSManager, com.nhimz.vocabmaster.ui.viewmodel.FlashcardViewModel, androidx.compose.runtime.Composer, int)
07-10 21:08:58.254 D/AudioTrack(13934): stop(sessionID=4313)
07-10 21:08:58.254 D/AudioTrack(13934): stop(295): prior state:STATE_ACTIVE
07-10 21:08:58.255 D/AudioTrack(13934): stop(295): called with 9792 frames delivered
07-10 21:08:59.792 D/AudioTrack(13934): start(295): prior state:STATE_STOPPED
07-10 21:08:59.847 D/AudioTrack(13934): [audioTrackData][fine] 51s(f:51315 m:618 s:0 k:0) : pid 13934 uid 10403 sessionId 4313 sr 48000 ch 1 fmt 1
07-10 21:09:00.001 D/AudioTrack(13934): stop(sessionID=4313)
07-10 21:09:00.001 D/AudioTrack(13934): stop(295): prior state:STATE_ACTIVE
07-10 21:09:00.001 D/AudioTrack(13934): stop(295): called with 7296 frames delivered
07-10 21:09:01.256 D/AudioTrack(13934): start(295): prior state:STATE_STOPPED
07-10 21:09:01.461 D/AudioTrack(13934): stop(sessionID=4313)
07-10 21:09:01.461 D/AudioTrack(13934): stop(295): prior state:STATE_ACTIVE
07-10 21:09:01.461 D/AudioTrack(13934): stop(295): called with 7296 frames delivered
07-10 21:09:02.853 D/AudioTrack(13934): start(295): prior state:STATE_STOPPED
07-10 21:09:03.055 D/AudioTrack(13934): stop(sessionID=4313)
07-10 21:09:03.055 D/AudioTrack(13934): stop(295): prior state:STATE_ACTIVE
07-10 21:09:03.055 D/AudioTrack(13934): stop(295): called with 7296 frames delivered
07-10 21:09:04.675 D/AudioTrack(13934): start(295): prior state:STATE_STOPPED
07-10 21:09:04.728 D/AudioTrack(13934): [audioTrackData][fine] 56s(f:56028 m:762 s:0 k:0) : pid 13934 uid 10403 sessionId 4313 sr 48000 ch 1 fmt 1
07-10 21:09:04.884 D/AudioTrack(13934): stop(sessionID=4313)
07-10 21:09:04.884 D/AudioTrack(13934): stop(295): prior state:STATE_ACTIVE
07-10 21:09:04.884 D/AudioTrack(13934): stop(295): called with 7296 frames delivered
07-10 21:09:05.864 D/AudioTrack(13934): start(295): prior state:STATE_STOPPED
07-10 21:09:06.070 D/AudioTrack(13934): stop(sessionID=4313)
07-10 21:09:06.070 D/AudioTrack(13934): stop(295): prior state:STATE_ACTIVE
07-10 21:09:06.070 D/AudioTrack(13934): stop(295): called with 7296 frames delivered
07-10 21:09:07.424 D/AudioTrack(13934): start(295): prior state:STATE_STOPPED
07-10 21:09:07.626 D/AudioTrack(13934): stop(sessionID=4313)
07-10 21:09:07.626 D/AudioTrack(13934): stop(295): prior state:STATE_ACTIVE
07-10 21:09:07.626 D/AudioTrack(13934): stop(295): called with 7296 frames delivered
07-10 21:09:11.844 I/imz.vocabmaster(13934): This is sticky GC, maxfree is 8388608 minfree is 2097152
